Component: ARM Compiler 5.06 update 6 (build 750) Tool: armlink [4d35ed]

==============================================================================

Section Cross References

    startup_stm32f103xe.o(RESET) refers to startup_stm32f103xe.o(STACK) for __initial_sp
    startup_stm32f103xe.o(RESET) refers to startup_stm32f103xe.o(.text) for Reset_Handler
    startup_stm32f103xe.o(RESET) refers to stm32f1xx_it.o(i.NMI_Handler) for NMI_Handler
    startup_stm32f103xe.o(RESET) refers to context_rvds.o(.text) for HardFault_Handler
    startup_stm32f103xe.o(RESET) refers to stm32f1xx_it.o(i.MemManage_Handler) for MemManage_Handler
    startup_stm32f103xe.o(RESET) refers to stm32f1xx_it.o(i.BusFault_Handler) for BusFault_Handler
    startup_stm32f103xe.o(RESET) refers to stm32f1xx_it.o(i.UsageFault_Handler) for UsageFault_Handler
    startup_stm32f103xe.o(RESET) refers to stm32f1xx_it.o(i.SVC_Handler) for SVC_Handler
    startup_stm32f103xe.o(RESET) refers to stm32f1xx_it.o(i.DebugMon_Handler) for DebugMon_Handler
    startup_stm32f103xe.o(RESET) refers to board.o(i.SysTick_Handler) for SysTick_Handler
    startup_stm32f103xe.o(.text) refers to system_stm32f1xx.o(i.SystemInit) for SystemInit
    startup_stm32f103xe.o(.text) refers to entry.o(.ARM.Collect$$$$00000000) for __main
    main.o(i.AD5542_Write) refers to f2d.o(.text) for __aeabi_f2d
    main.o(i.AD5542_Write) refers to dscalb.o(.text) for __ARM_scalbn
    main.o(i.AD5542_Write) refers to ddiv.o(.text) for __aeabi_ddiv
    main.o(i.AD5542_Write) refers to dfixui.o(.text) for __aeabi_d2uiz
    main.o(i.AD5542_Write) refers to stm32f1xx_hal_gpio.o(i.HAL_GPIO_WritePin) for HAL_GPIO_WritePin
    main.o(i.MX_GPIO_Init) refers to stm32f1xx_hal_gpio.o(i.HAL_GPIO_WritePin) for HAL_GPIO_WritePin
    main.o(i.MX_GPIO_Init) refers to stm32f1xx_hal_gpio.o(i.HAL_GPIO_Init) for HAL_GPIO_Init
    main.o(i.MX_USART1_UART_Init) refers to stm32f1xx_hal_uart.o(i.HAL_UART_Init) for HAL_UART_Init
    main.o(i.MX_USART1_UART_Init) refers to main.o(.bss) for .bss
    main.o(i.SystemClock_Config) refers to memseta.o(.text) for __aeabi_memclr4
    main.o(i.SystemClock_Config) refers to stm32f1xx_hal_rcc.o(i.HAL_RCC_OscConfig) for HAL_RCC_OscConfig
    main.o(i.SystemClock_Config) refers to stm32f1xx_hal_rcc.o(i.HAL_RCC_ClockConfig) for HAL_RCC_ClockConfig
    main.o(i.USART_PutChar) refers to stm32f1xx_hal_uart.o(i.HAL_UART_Transmit) for HAL_UART_Transmit
    main.o(i.USART_PutChar) refers to main.o(.bss) for .bss
    main.o(i.fputc) refers to main.o(i.USART_PutChar) for USART_PutChar
    main.o(i.main) refers to main.o(i.MX_GPIO_Init) for MX_GPIO_Init
    main.o(i.main) refers to stm32f1xx_hal_i2c.o(i.HAL_I2C_Init) for HAL_I2C_Init
    main.o(i.main) refers to thread.o(i.rt_thread_mdelay) for rt_thread_mdelay
    main.o(i.main) refers to kservice.o(i.rt_kprintf) for rt_kprintf
    main.o(i.main) refers to stm32f1xx_hal_gpio.o(i.HAL_GPIO_WritePin) for HAL_GPIO_WritePin
    main.o(i.main) refers to main.o(i.AD5542_Write) for AD5542_Write
    main.o(i.main) refers to scs_thread.o(i.scs_thread_init) for scs_thread_init
    main.o(i.main) refers to main.o(.bss) for .bss
    main.o(i.set_dac1) refers to kservice.o(i.rt_kprintf) for rt_kprintf
    main.o(i.set_dac1) refers to strcpy.o(.text) for strcpy
    main.o(i.set_dac1) refers to atoi.o(.text) for atoi
    main.o(i.set_dac1) refers to dflti.o(.text) for __aeabi_i2d
    main.o(i.set_dac1) refers to ddiv.o(.text) for __aeabi_ddiv
    main.o(i.set_dac1) refers to d2f.o(.text) for __aeabi_d2f
    main.o(i.set_dac1) refers to f2d.o(.text) for __aeabi_f2d
    main.o(i.set_dac1) refers to dscalb.o(.text) for __ARM_scalbn
    main.o(i.set_dac1) refers to dfixui.o(.text) for __aeabi_d2uiz
    main.o(i.set_dac1) refers to stm32f1xx_hal_gpio.o(i.HAL_GPIO_WritePin) for HAL_GPIO_WritePin
    main.o(i.set_dac2) refers to kservice.o(i.rt_kprintf) for rt_kprintf
    main.o(i.set_dac2) refers to strcpy.o(.text) for strcpy
    main.o(i.set_dac2) refers to atoi.o(.text) for atoi
    main.o(i.set_dac2) refers to dflti.o(.text) for __aeabi_i2d
    main.o(i.set_dac2) refers to ddiv.o(.text) for __aeabi_ddiv
    main.o(i.set_dac2) refers to d2f.o(.text) for __aeabi_d2f
    main.o(i.set_dac2) refers to f2d.o(.text) for __aeabi_f2d
    main.o(i.set_dac2) refers to dscalb.o(.text) for __ARM_scalbn
    main.o(i.set_dac2) refers to dfixui.o(.text) for __aeabi_d2uiz
    main.o(i.set_dac2) refers to stm32f1xx_hal_gpio.o(i.HAL_GPIO_WritePin) for HAL_GPIO_WritePin
    main.o(i.set_mode) refers to kservice.o(i.rt_kprintf) for rt_kprintf
    main.o(i.set_mode) refers to strcpy.o(.text) for strcpy
    main.o(i.set_mode) refers to atoi.o(.text) for atoi
    main.o(i.set_mode) refers to stm32f1xx_hal_gpio.o(i.HAL_GPIO_WritePin) for HAL_GPIO_WritePin
    main.o(i.set_out) refers to kservice.o(i.rt_kprintf) for rt_kprintf
    main.o(i.set_out) refers to strcpy.o(.text) for strcpy
    main.o(i.set_out) refers to atoi.o(.text) for atoi
[...]
    rt_list_insert_before                    0x0800302b   Thumb Code    14  ipc.o(i.rt_list_insert_before)
    i.rt_list_len                            0x08003038   Section        0  cmd.o(i.rt_list_len)
    rt_list_len                              0x08003039   Thumb Code    18  cmd.o(i.rt_list_len)
    i.rt_list_remove                         0x0800304a   Section        0  object.o(i.rt_list_remove)
    rt_list_remove                           0x0800304b   Thumb Code    18  object.o(i.rt_list_remove)
    i.rt_list_remove                         0x0800305c   Section        0  thread.o(i.rt_list_remove)
    rt_list_remove                           0x0800305d   Thumb Code    18  thread.o(i.rt_list_remove)
    i.rt_list_remove                         0x0800306e   Section        0  timer.o(i.rt_list_remove)
    rt_list_remove                           0x0800306f   Thumb Code    18  timer.o(i.rt_list_remove)
    i.rt_malloc                              0x08003080   Section        0  mem.o(i.rt_malloc)
    i.rt_memmove                             0x08003170   Section        0  kservice.o(i.rt_memmove)
    i.rt_memset                              0x080031a4   Section        0  kservice.o(i.rt_memset)
    i.rt_object_allocate                     0x080031ea   Section        0  object.o(i.rt_object_allocate)
    i.rt_object_delete                       0x0800323a   Section        0  object.o(i.rt_object_delete)
    i.rt_object_detach                       0x08003260   Section        0  object.o(i.rt_object_detach)
    i.rt_object_get_information              0x08003280   Section        0  object.o(i.rt_object_get_information)
    i.rt_object_init                         0x080032a4   Section        0  object.o(i.rt_object_init)
    i.rt_object_is_systemobject              0x080032f4   Section        0  object.o(i.rt_object_is_systemobject)
    i.rt_os_tick_callback                    0x08003302   Section        0  board.o(i.rt_os_tick_callback)
    i.rt_schedule                            0x08003314   Section        0  scheduler.o(i.rt_schedule)
    i.rt_schedule_insert_thread              0x0800336c   Section        0  scheduler.o(i.rt_schedule_insert_thread)
    i.rt_schedule_remove_thread              0x080033bc   Section        0  scheduler.o(i.rt_schedule_remove_thread)
    i.rt_sem_init                            0x08003404   Section        0  ipc.o(i.rt_sem_init)
    i.rt_sem_release                         0x08003428   Section        0  ipc.o(i.rt_sem_release)
    i.rt_sem_take                            0x08003472   Section        0  ipc.o(i.rt_sem_take)
    i.rt_show_version                        0x080034e0   Section        0  kservice.o(i.rt_show_version)
    i.rt_strlen                              0x08003590   Section        0  kservice.o(i.rt_strlen)
    i.rt_strncpy                             0x080035a0   Section        0  kservice.o(i.rt_strncpy)
    i.rt_system_heap_init                    0x080035c8   Section        0  mem.o(i.rt_system_heap_init)
    i.rt_system_scheduler_init               0x08003674   Section        0  scheduler.o(i.rt_system_scheduler_init)
    i.rt_system_scheduler_start              0x080036a8   Section        0  scheduler.o(i.rt_system_scheduler_start)
    i.rt_system_timer_init                   0x080036d0   Section        0  timer.o(i.rt_system_timer_init)
    i.rt_system_timer_thread_init            0x080036dc   Section        0  timer.o(i.rt_system_timer_thread_init)
    i.rt_thread_create                       0x080036de   Section        0  thread.o(i.rt_thread_create)
    i.rt_thread_exit                         0x08003728   Section        0  thread.o(i.rt_thread_exit)
    i.rt_thread_idle_entry                   0x08003784   Section        0  idle.o(i.rt_thread_idle_entry)
    rt_thread_idle_entry                     0x08003785   Thumb Code     6  idle.o(i.rt_thread_idle_entry)
    i.rt_thread_idle_excute                  0x0800378c   Section        0  idle.o(i.rt_thread_idle_excute)
    i.rt_thread_idle_init                    0x080037d8   Section        0  idle.o(i.rt_thread_idle_init)
    i.rt_thread_init                         0x08003810   Section        0  thread.o(i.rt_thread_init)
    i.rt_thread_mdelay                       0x08003840   Section        0  thread.o(i.rt_thread_mdelay)
    i.rt_thread_resume                       0x0800384e   Section        0  thread.o(i.rt_thread_resume)
    i.rt_thread_self                         0x0800388c   Section        0  thread.o(i.rt_thread_self)
    i.rt_thread_sleep                        0x08003898   Section        0  thread.o(i.rt_thread_sleep)
    i.rt_thread_startup                      0x080038d8   Section        0  thread.o(i.rt_thread_startup)
    i.rt_thread_suspend                      0x08003904   Section        0  thread.o(i.rt_thread_suspend)
    i.rt_thread_timeout                      0x08003946   Section        0  thread.o(i.rt_thread_timeout)
    i.rt_thread_yield                        0x08003968   Section        0  thread.o(i.rt_thread_yield)
    i.rt_tick_from_millisecond               0x080039c8   Section        0  clock.o(i.rt_tick_from_millisecond)
    i.rt_tick_get                            0x080039fc   Section        0  clock.o(i.rt_tick_get)
    i.rt_tick_increase                       0x08003a08   Section        0  clock.o(i.rt_tick_increase)
    i.rt_timer_check                         0x08003a34   Section        0  timer.o(i.rt_timer_check)
    i.rt_timer_control                       0x08003ac0   Section        0  timer.o(i.rt_timer_control)
    i.rt_timer_detach                        0x08003b08   Section        0  timer.o(i.rt_timer_detach)
    i.rt_timer_init                          0x08003b30   Section        0  timer.o(i.rt_timer_init)
    i.rt_timer_start                         0x08003b58   Section        0  timer.o(i.rt_timer_start)
    i.rt_timer_stop                          0x08003bdc   Section        0  timer.o(i.rt_timer_stop)
    i.rt_vsnprintf                           0x08003c0c   Section        0  kservice.o(i.rt_vsnprintf)
    i.rti_board_end                          0x08003e90   Section        0  components.o(i.rti_board_end)
    rti_board_end                            0x08003e91   Thumb Code     4  components.o(i.rti_board_end)
    i.rti_board_start                        0x08003e94   Section        0  components.o(i.rti_board_start)
    rti_board_start                          0x08003e95   Thumb Code     4  components.o(i.rti_board_start)
    i.rti_end                                0x08003e98   Section        0  components.o(i.rti_end)
    rti_end                                  0x08003e99   Thumb Code     4  components.o(i.rti_end)
    i.rti_start                              0x08003e9c   Section        0  components.o(i.rti_start)
    rti_start                                0x08003e9d   Thumb Code     4  components.o(i.rti_start)
    i.rtthread_startup                       0x08003ea0   Section        0  components.o(i.rtthread_startup)
    i.scs_thread_init                        0x08003ecc   Section        0  scs_thread.o(i.scs_thread_init)
    i.set_dac1                               0x08003f08   Section        0  main.o(i.set_dac1)
    set_dac1                                 0x08003f09   Thumb Code   212  main.o(i.set_dac1)
    i.set_dac2                               0x08004028   Section        0  main.o(i.set_dac2)
    set_dac2                                 0x08004029   Thumb Code   212  main.o(i.set_dac2)
    i.set_mode                               0x08004148   Section        0  main.o(i.set_mode)
    set_mode                                 0x08004149   Thumb Code    92  main.o(i.set_mode)
    i.set_out                                0x08004214   Section        0  main.o(i.set_out)
    set_out                                  0x08004215   Thumb Code    88  main.o(i.set_out)
    i.set_ploar                              0x080042dc   Section        0  main.o(i.set_ploar)
    set_ploar                                0x080042dd   Thumb Code    92  main.o(i.set_ploar)
    i.show_wait_queue                        0x080043a0   Section        0  cmd.o(i.show_wait_queue)
    show_wait_queue                          0x080043a1   Thumb Code    38  cmd.o(i.show_wait_queue)
    i.skip_atoi                              0x080043d0   Section        0  kservice.o(i.skip_atoi)
    skip_atoi                                0x080043d1   Thumb Code    40  kservice.o(i.skip_atoi)
    i.uart_init                              0x080043f8   Section        0  board.o(i.uart_init)
    uart_init                                0x080043f9   Thumb Code    10  board.o(i.uart_init)
    i.usage_fault_track                      0x08004404   Section        0  cpuport.o(i.usage_fault_track)
    usage_fault_track                        0x08004405   Thumb Code   100  cpuport.o(i.usage_fault_track)
    i.version                                0x080044d4   Section        0  cmd.o(i.version)
    .constdata                               0x080044de   Section       16  system_stm32f1xx.o(.constdata)
    .constdata                               0x080044ee   Section        8  system_stm32f1xx.o(.constdata)
    .constdata                               0x080044f6   Section      290  kservice.o(.constdata)
    small_digits                             0x080045f6   Data          17  kservice.o(.constdata)
    large_digits                             0x08004607   Data          17  kservice.o(.constdata)
    .constdata                               0x08004618   Section      129  ctype_o.o(.constdata)
    .constdata                               0x0800469c   Section        4  ctype_o.o(.constdata)
    table                                    0x0800469c   Data           4  ctype_o.o(.constdata)
    .conststring                             0x080046a0   Section       68  cmd.o(.conststring)
    .rodata.name                             0x080046e4   Section       16  main.o(.rodata.name)
    .rodata.name                             0x080046f4   Section       19  main.o(.rodata.name)
    .rodata.name                             0x08004707   Section       15  main.o(.rodata.name)
    .rodata.name                             0x08004716   Section       18  main.o(.rodata.name)
    .rodata.name                             0x08004728   Section       14  main.o(.rodata.name)
    .rodata.name                             0x08004736   Section       31  main.o(.rodata.name)
    .rodata.name                             0x08004755   Section       15  main.o(.rodata.name)
    .rodata.name                             0x08004764   Section       27  main.o(.rodata.name)
    .rodata.name                             0x0800477f   Section       15  main.o(.rodata.name)
    .rodata.name                             0x0800478e   Section       27  main.o(.rodata.name)
    .rodata.name                             0x080047a9   Section        9  mem.o(.rodata.name)
    .rodata.name                             0x080047b2   Section       30  mem.o(.rodata.name)
    .rodata.name                             0x080047d0   Section        6  cmd.o(.rodata.name)
    .rodata.name                             0x080047d6   Section       16  cmd.o(.rodata.name)
    .rodata.name                             0x080047e6   Section        8  cmd.o(.rodata.name)
    .rodata.name                             0x080047ee   Section       35  cmd.o(.rodata.name)
    .rodata.name                             0x08004811   Section       14  cmd.o(.rodata.name)
    .rodata.name                             0x0800481f   Section       35  cmd.o(.rodata.name)
    .rodata.name                             0x08004842   Section       12  cmd.o(.rodata.name)
    .rodata.name                             0x0800484e   Section       12  cmd.o(.rodata.name)
    .rodata.name                             0x0800485a   Section       18  cmd.o(.rodata.name)
    .rodata.name                             0x0800486c   Section       12  cmd.o(.rodata.name)
    .rodata.name                             0x08004878   Section        9  cmd.o(.rodata.name)
    .rodata.name                             0x08004881   Section       25  cmd.o(.rodata.name)
    .rodata.name                             0x0800489a   Section       15  cmd.o(.rodata.name)
    .rodata.name                             0x080048a9   Section       25  cmd.o(.rodata.name)
    .rodata.name                             0x080048c2   Section       13  cmd.o(.rodata.name)
    .rodata.name                             0x080048cf   Section       24  cmd.o(.rodata.name)
    .rodata.name                             0x080048e7   Section       19  cmd.o(.rodata.name)
    .rodata.name                             0x080048fa   Section       24  cmd.o(.rodata.name)
    .rodata.name                             0x08004912   Section       11  cmd.o(.rodata.name)
    .rodata.name                             0x0800491d   Section       21  cmd.o(.rodata.name)
    .rodata.name                             0x08004932   Section       17  cmd.o(.rodata.name)
    .rodata.name                             0x08004943   Section       21  cmd.o(.rodata.name)
    .rodata.name                             0x08004958   Section        5  cmd.o(.rodata.name)
    .rodata.name                             0x0800495d   Section       26  cmd.o(.rodata.name)
    .rodata.name                             0x08004977   Section       11  msh.o(.rodata.name)
    .rodata.name                             0x08004982   Section       22  msh.o(.rodata.name)
    .rodata.name                             0x08004998   Section        9  msh.o(.rodata.name)
    .rodata.name                             0x080049a1   Section       28  msh.o(.rodata.name)
    .rodata.name                             0x080049bd   Section       11  msh.o(.rodata.name)
    .rodata.name                             0x080049c8   Section       37  msh.o(.rodata.name)
    .rti_fn.0                                0x080049f0   Section        4  components.o(.rti_fn.0)
    __tagsym$$used                           0x080049f0   Number         0  components.o(.rti_fn.0)
    .rti_fn.0.end                            0x080049f4   Section        4  components.o(.rti_fn.0.end)
    __tagsym$$used                           0x080049f4   Number         0  components.o(.rti_fn.0.end)
    .rti_fn.1                                0x080049f8   Section        4  board.o(.rti_fn.1)
    __tagsym$$used                           0x080049f8   Number         0  board.o(.rti_fn.1)
    .rti_fn.1.end                            0x080049fc   Section        4  components.o(.rti_fn.1.end)
    __tagsym$$used                           0x080049fc   Number         0  components.o(.rti_fn.1.end)
    .rti_fn.6                                0x08004a00   Section        4  shell.o(.rti_fn.6)
    __tagsym$$used                           0x08004a00   Number         0  shell.o(.rti_fn.6)
    .rti_fn.6.end                            0x08004a04   Section        4  components.o(.rti_fn.6.end)
    __tagsym$$used                           0x08004a04   Number         0  components.o(.rti_fn.6.end)
    FSymTab                                  0x08004a08   Section       60  main.o(FSymTab)
    __tagsym$$used                           0x08004a08   Number         0  main.o(FSymTab)
    __tagsym$$used                           0x08004a14   Number         0  main.o(FSymTab)
    __tagsym$$used                           0x08004a20   Number         0  main.o(FSymTab)
    __tagsym$$used                           0x08004a2c   Number         0  main.o(FSymTab)
    __tagsym$$used                           0x08004a38   Number         0  main.o(FSymTab)
    FSymTab                                  0x08004a44   Section       12  mem.o(FSymTab)
    __tagsym$$used                           0x08004a44   Number         0  mem.o(FSymTab)
    FSymTab                                  0x08004a50   Section      144  cmd.o(FSymTab)
    __tagsym$$used                           0x08004a50   Number         0  cmd.o(FSymTab)
    __tagsym$$used                           0x08004a5c   Number         0  cmd.o(FSymTab)
    __tagsym$$used                           0x08004a68   Number         0  cmd.o(FSymTab)
    __tagsym$$used                           0x08004a74   Number         0  cmd.o(FSymTab)
    __tagsym$$used                           0x08004a80   Number         0  cmd.o(FSymTab)
    __tagsym$$used                           0x08004a8c   Number         0  cmd.o(FSymTab)
    __tagsym$$used                           0x08004a98   Number         0  cmd.o(FSymTab)
    __tagsym$$used                           0x08004aa4   Number         0  cmd.o(FSymTab)
    __tagsym$$used                           0x08004ab0   Number         0  cmd.o(FSymTab)
    __tagsym$$used                           0x08004abc   Number         0  cmd.o(FSymTab)
    __tagsym$$used                           0x08004ac8   Number         0  cmd.o(FSymTab)
    __tagsym$$used                           0x08004ad4   Number         0  cmd.o(FSymTab)
    FSymTab                                  0x08004ae0   Section       36  msh.o(FSymTab)
    __tagsym$$used                           0x08004ae0   Number         0  msh.o(FSymTab)
    __tagsym$$used                           0x08004aec   Number         0  msh.o(FSymTab)
    __tagsym$$used                           0x08004af8   Number         0  msh.o(FSymTab)
    .data                                    0x20000000   Section       12  stm32f1xx_hal.o(.data)
    .data                                    0x2000000c   Section        4  system_stm32f1xx.o(.data)
    .data                                    0x20000010   Section        4  clock.o(.data)
    rt_tick                                  0x20000010   Data           4  clock.o(.data)
    .data                                    0x20000014   Section        4  cpuport.o(.data)
    rt_exception_hook                        0x20000014   Data           4  cpuport.o(.data)
    .data                                    0x20000018   Section        4  cpuport.o(.data)
    .data                                    0x2000001c   Section        4  cpuport.o(.data)
    .data                                    0x20000020   Section        4  cpuport.o(.data)
    .data                                    0x20000024   Section        1  irq.o(.data)
    .data                                    0x20000028   Section       24  mem.o(.data)
    heap_ptr                                 0x20000028   Data           4  mem.o(.data)
    heap_end                                 0x2000002c   Data           4  mem.o(.data)
    lfree                                    0x20000030   Data           4  mem.o(.data)
    mem_size_aligned                         0x20000034   Data           4  mem.o(.data)
    used_mem                                 0x20000038   Data           4  mem.o(.data)
    max_mem                                  0x2000003c   Data           4  mem.o(.data)
    .data                                    0x20000040   Section       64  object.o(.data)
    rt_object_container                      0x20000040   Data          64  object.o(.data)
    .data                                    0x20000080   Section       20  scheduler.o(.data)
    rt_scheduler_lock_nest                   0x20000082   Data           2  scheduler.o(.data)
    .data                                    0x20000094   Section       12  timer.o(.data)
    random_nr                                0x20000094   Data           4  timer.o(.data)
    rt_timer_list                            0x20000098   Data           8  timer.o(.data)
    .data                                    0x200000a0   Section       24  shell.o(.data)
    finsh_prompt_custom                      0x200000b0   Data           4  shell.o(.data)
    .data                                    0x200000b8   Section        4  errno.o(.data)
    _errno                                   0x200000b8   Data           4  errno.o(.data)
    .bss                                     0x200000bc   Section      152  main.o(.bss)
    .bss                                     0x20000154   Section      632  scs_thread.o(.bss)
    led_thread                               0x20000154   Data         120  scs_thread.o(.bss)
    led_thread_stack                         0x200001cc   Data         512  scs_thread.o(.bss)
    .bss                                     0x200003cc   Section     4096  board.o(.bss)
    rt_heap                                  0x200003cc   Data        4096  board.o(.bss)
    .bss                                     0x200013cc   Section      376  idle.o(.bss)
    idle                                     0x200013cc   Data         120  idle.o(.bss)
    rt_thread_stack                          0x20001444   Data         256  idle.o(.bss)
    .bss                                     0x20001544   Section      256  kservice.o(.bss)
    rt_log_buf                               0x20001544   Data         256  kservice.o(.bss)
    .bss                                     0x20001644   Section       32  mem.o(.bss)
    heap_sem                                 0x20001644   Data          32  mem.o(.bss)
    .bss                                     0x20001664   Section      256  scheduler.o(.bss)
    .bss                                     0x20001764   Section      257  shell.o(.bss)
    finsh_prompt                             0x20001764   Data         257  shell.o(.bss)
    STACK                                    0x20001868   Section     2048  startup_stm32f103xe.o(STACK)

    Global Symbols

    Symbol Name                              Value     Ov Type        Size  Object(Section)

    BuildAttributes$$THM_ISAv4$P$D$K$B$S$PE$A:L22UL41UL21$X:L11$S22US41US21$IEEE1$IW$USESV6$~STKCKD$USESV7$~SHL$OTIME$ROPI$EBA8$MICROLIB$REQ8$PRES8$EABIv2 0x00000000   Number         0  anon$$obj.o ABSOLUTE
    __ARM_use_no_argv                        0x00000000   Number         0  main.o ABSOLUTE
    __cpp_initialize__aeabi_                  - Undefined Weak Reference
    __cxa_finalize                            - Undefined Weak Reference
    __decompress                              - Undefined Weak Reference
    _clock_init                               - Undefined Weak Reference
    _microlib_exit                            - Undefined Weak Reference
    __Vectors_Size                           0x00000130   Number         0  startup_stm32f103xe.o ABSOLUTE
    __Vectors                                0x08000000   Data           4  startup_stm32f103xe.o(RESET)
    __Vectors_End                            0x08000130   Data           0  startup_stm32f103xe.o(RESET)
    __main                                   0x08000131   Thumb Code     0  entry.o(.ARM.Collect$$$$00000000)
    _main_stk                                0x08000131   Thumb Code     0  entry2.o(.ARM.Collect$$$$00000001)
    _main_scatterload                        0x08000135   Thumb Code     0  entry5.o(.ARM.Collect$$$$00000004)
    __main_after_scatterload                 0x08000139   Thumb Code     0  entry5.o(.ARM.Collect$$$$00000004)
    _main_clock                              0x08000139   Thumb Code     0  entry7b.o(.ARM.Collect$$$$00000008)
    _main_cpp_init                           0x08000139   Thumb Code     0  entry8b.o(.ARM.Collect$$$$0000000A)
    _main_init                               0x08000139   Thumb Code     0  entry9a.o(.ARM.Collect$$$$0000000B)
    __rt_final_cpp                           0x08000141   Thumb Code     0  entry10a.o(.ARM.Collect$$$$0000000D)
    __rt_final_exit                          0x08000141   Thumb Code     0  entry11a.o(.ARM.Collect$$$$0000000F)
    Reset_Handler                            0x08000145   Thumb Code     8  startup_stm32f103xe.o(.text)
    ADC1_2_IRQHandler                        0x0800015f   Thumb Code     0  startup_stm32f103xe.o(.text)
    ADC3_IRQHandler                          0x0800015f   Thumb Code     0  startup_stm32f103xe.o(.text)
    CAN1_RX1_IRQHandler                      0x0800015f   Thumb Code     0  startup_stm32f103xe.o(.text)
    CAN1_SCE_IRQHandler                      0x0800015f   Thumb Code     0  startup_stm32f103xe.o(.text)
    DMA1_Channel1_IRQHandler                 0x0800015f   Thumb Code     0  startup_stm32f103xe.o(.text)
    DMA1_Channel2_IRQHandler                 0x0800015f   Thumb Code     0  startup_stm32f103xe.o(.text)
    DMA1_Channel3_IRQHandler                 0x0800015f   Thumb Code     0  startup_stm32f103xe.o(.text)
    DMA1_Channel4_IRQHandler                 0x0800015f   Thumb Code     0  startup_stm32f103xe.o(.text)
    DMA1_Channel5_IRQHandler                 0x0800015f   Thumb Code     0  startup_stm32f103xe.o(.text)
    DMA1_Channel6_IRQHandler                 0x0800015f   Thumb Code     0  startup_stm32f103xe.o(.text)
    DMA1_Channel7_IRQHandler                 0x0800015f   Thumb Code     0  startup_stm32f103xe.o(.text)
    DMA2_Channel1_IRQHandler                 0x0800015f   Thumb Code     0  startup_stm32f103xe.o(.text)
    DMA2_Channel2_IRQHandler                 0x0800015f   Thumb Code     0  startup_stm32f103xe.o(.text)
    DMA2_Channel3_IRQHandler                 0x0800015f   Thumb Code     0  startup_stm32f103xe.o(.text)
    DMA2_Channel4_5_IRQHandler               0x0800015f   Thumb Code     0  startup_stm32f103xe.o(.text)
    EXTI0_IRQHandler                         0x0800015f   Thumb Code     0  startup_stm32f103xe.o(.text)
    EXTI15_10_IRQHandler                     0x0800015f   Thumb Code     0  startup_stm32f103xe.o(.text)
    EXTI1_IRQHandler                         0x0800015f   Thumb Code     0  startup_stm32f103xe.o(.text)
    EXTI2_IRQHandler                         0x0800015f   Thumb Code     0  startup_stm32f103xe.o(.text)
    EXTI3_IRQHandler                         0x0800015f   Thumb Code     0  startup_stm32f103xe.o(.text)
    EXTI4_IRQHandler                         0x0800015f   Thumb Code     0  startup_stm32f103xe.o(.text)
    EXTI9_5_IRQHandler                       0x0800015f   Thumb Code     0  startup_stm32f103xe.o(.text)
    FLASH_IRQHandler                         0x0800015f   Thumb Code     0  startup_stm32f103xe.o(.text)
    FSMC_IRQHandler                          0x0800015f   Thumb Code     0  startup_stm32f103xe.o(.text)
    I2C1_ER_IRQHandler                       0x0800015f   Thumb Code     0  startup_stm32f103xe.o(.text)
    I2C1_EV_IRQHandler                       0x0800015f   Thumb Code     0  startup_stm32f103xe.o(.text)
    I2C2_ER_IRQHandler                       0x0800015f   Thumb Code     0  startup_stm32f103xe.o(.text)
    I2C2_EV_IRQHandler                       0x0800015f   Thumb Code     0  startup_stm32f103xe.o(.text)
    PVD_IRQHandler                           0x0800015f   Thumb Code     0  startup_stm32f103xe.o(.text)
    RCC_IRQHandler                           0x0800015f   Thumb Code     0  startup_stm32f103xe.o(.text)
    RTC_Alarm_IRQHandler                     0x0800015f   Thumb Code     0  startup_stm32f103xe.o(.text)
    RTC_IRQHandler                           0x0800015f   Thumb Code     0  startup_stm32f103xe.o(.text)
    SDIO_IRQHandler                          0x0800015f   Thumb Code     0  startup_stm32f103xe.o(.text)
    SPI1_IRQHandler                          0x0800015f   Thumb Code     0  startup_stm32f103xe.o(.text)
    SPI2_IRQHandler                          0x0800015f   Thumb Code     0  startup_stm32f103xe.o(.text)
    SPI3_IRQHandler                          0x0800015f   Thumb Code     0  startup_stm32f103xe.o(.text)
    TAMPER_IRQHandler                        0x0800015f   Thumb Code     0  startup_stm32f103xe.o(.text)
    TIM1_BRK_IRQHandler                      0x0800015f   Thumb Code     0  startup_stm32f103xe.o(.text)
    TIM1_CC_IRQHandler                       0x0800015f   Thumb Code     0  startup_stm32f103xe.o(.text)
    TIM1_TRG_COM_IRQHandler                  0x0800015f   Thumb Code     0  startup_stm32f103xe.o(.text)
    TIM1_UP_IRQHandler                       0x0800015f   Thumb Code     0  startup_stm32f103xe.o(.text)
    TIM2_IRQHandler                          0x0800015f   Thumb Code     0  startup_stm32f103xe.o(.text)
    TIM3_IRQHandler                          0x0800015f   Thumb Code     0  startup_stm32f103xe.o(.text)
    TIM4_IRQHandler                          0x0800015f   Thumb Code     0  startup_stm32f103xe.o(.text)
    TIM5_IRQHandler                          0x0800015f   Thumb Code     0  startup_stm32f103xe.o(.text)
    TIM6_IRQHandler                          0x0800015f   Thumb Code     0  startup_stm32f103xe.o(.text)
    TIM7_IRQHandler                          0x0800015f   Thumb Code     0  startup_stm32f103xe.o(.text)
    TIM8_BRK_IRQHandler                      0x0800015f   Thumb Code     0  startup_stm32f103xe.o(.text)
    TIM8_CC_IRQHandler                       0x0800015f   Thumb Code     0  startup_stm32f103xe.o(.text)
    TIM8_TRG_COM_IRQHandler                  0x0800015f   Thumb Code     0  startup_stm32f103xe.o(.text)
    TIM8_UP_IRQHandler                       0x0800015f   Thumb Code     0  startup_stm32f103xe.o(.text)
    UART4_IRQHandler                         0x0800015f   Thumb Code     0  startup_stm32f103xe.o(.text)
    UART5_IRQHandler                         0x0800015f   Thumb Code     0  startup_stm32f103xe.o(.text)
    USART1_IRQHandler                        0x0800015f   Thumb Code     0  startup_stm32f103xe.o(.text)
    USART2_IRQHandler                        0x0800015f   Thumb Code     0  startup_stm32f103xe.o(.text)
    USART3_IRQHandler                        0x0800015f   Thumb Code     0  startup_stm32f103xe.o(.text)
    USBWakeUp_IRQHandler                     0x0800015f   Thumb Code     0  startup_stm32f103xe.o(.text)
    USB_HP_CAN1_TX_IRQHandler                0x0800015f   Thumb Code     0  startup_stm32f103xe.o(.text)
    USB_LP_CAN1_RX0_IRQHandler               0x0800015f   Thumb Code     0  startup_stm32f103xe.o(.text)
    WWDG_IRQHandler                          0x0800015f   Thumb Code     0  startup_stm32f103xe.o(.text)
    rt_hw_interrupt_disable                  0x08000169   Thumb Code     8  context_rvds.o(.text)
    rt_hw_interrupt_enable                   0x08000171   Thumb Code     6  context_rvds.o(.text)
    rt_hw_context_switch                     0x08000177   Thumb Code    32  context_rvds.o(.text)
    rt_hw_context_switch_interrupt           0x08000177   Thumb Code     0  context_rvds.o(.text)
    PendSV_Handler                           0x08000197   Thumb Code    60  context_rvds.o(.text)
    rt_hw_context_switch_to                  0x080001d3   Thumb Code    56  context_rvds.o(.text)
    rt_hw_interrupt_thread_switch            0x0800020b   Thumb Code     2  context_rvds.o(.text)
    HardFault_Handler                        0x0800020d   Thumb Code    52  context_rvds.o(.text)
    __aeabi_llsr                             0x0800025d   Thumb Code    32  llushr.o(.text)
    _ll_ushift_r                             0x0800025d   Thumb Code     0  llushr.o(.text)
    __aeabi_memcpy                           0x0800027d   Thumb Code    36  memcpya.o(.text)
    __aeabi_memcpy4                          0x0800027d   Thumb Code     0  memcpya.o(.text)
    __aeabi_memcpy8                          0x0800027d   Thumb Code     0  memcpya.o(.text)
    __aeabi_memset                           0x080002a1   Thumb Code    14  memseta.o(.text)
    __aeabi_memset4                          0x080002a1   Thumb Code     0  memseta.o(.text)
    __aeabi_memset8                          0x080002a1   Thumb Code     0  memseta.o(.text)
    __aeabi_memclr                           0x080002af   Thumb Code     4  memseta.o(.text)
    __aeabi_memclr4                          0x080002af   Thumb Code     0  memseta.o(.text)
    __aeabi_memclr8                          0x080002af   Thumb Code     0  memseta.o(.text)
    _memset$wrapper                          0x080002b3   Thumb Code    18  memseta.o(.text)
    strcat                                   0x080002c5   Thumb Code    24  strcat.o(.text)
    strncpy                                  0x080002dd   Thumb Code    24  strncpy.o(.text)
    strlen                                   0x080002f5   Thumb Code    14  strlen.o(.text)
    strcpy                                   0x08000303   Thumb Code    18  strcpy.o(.text)
    strncmp                                  0x08000315   Thumb Code    30  strncmp.o(.text)
    atoi                                     0x08000333   Thumb Code    26  atoi.o(.text)
    __aeabi_ddiv                             0x0800034d   Thumb Code   222  ddiv.o(.text)
    __ARM_scalbn                             0x0800042b   Thumb Code    46  dscalb.o(.text)
    scalbn                                   0x0800042b   Thumb Code     0  dscalb.o(.text)
    __aeabi_i2d                              0x08000459   Thumb Code    34  dflti.o(.text)
    __aeabi_d2uiz                            0x0800047b   Thumb Code    50  dfixui.o(.text)
    __aeabi_f2d                              0x080004ad   Thumb Code    38  f2d.o(.text)
    __aeabi_d2f                              0x080004d3   Thumb Code    56  d2f.o(.text)
    strtol                                   0x0800050b   Thumb Code   112  strtol.o(.text)
    __I$use$fp                               0x0800057b   Thumb Code     0  iusefp.o(.text)
    _float_round                             0x0800057b   Thumb Code    18  fepilogue.o(.text)
    _float_epilogue                          0x0800058d   Thumb Code    92  fepilogue.o(.text)
    _double_round                            0x080005e9   Thumb Code    30  depilogue.o(.text)
    _double_epilogue                         0x08000607   Thumb Code   156  depilogue.o(.text)
    __scatterload                            0x080006a5   Thumb Code    28  init.o(.text)
    __scatterload_rt2                        0x080006a5   Thumb Code     0  init.o(.text)
    __aeabi_llsl                             0x080006c9   Thumb Code    30  llshl.o(.text)
    _ll_shift_l                              0x080006c9   Thumb Code     0  llshl.o(.text)
    __rt_ctype_table                         0x080006e9   Thumb Code     4  ctype_o.o(.text)
    _strtoul                                 0x080006f1   Thumb Code   158  _strtoul.o(.text)
    _chval                                   0x0800078f   Thumb Code    28  _chval.o(.text)
    main                                     0x080007ab   Thumb Code    10  components.o(i.$Sub$$main)
    AD5542_Write                             0x080007b5   Thumb Code   160  main.o(i.AD5542_Write)
    BusFault_Handler                         0x08000861   Thumb Code     2  stm32f1xx_it.o(i.BusFault_Handler)
    DebugMon_Handler                         0x08000863   Thumb Code     2  stm32f1xx_it.o(i.DebugMon_Handler)
    HAL_GPIO_Init                            0x08000865   Thumb Code   462  stm32f1xx_hal_gpio.o(i.HAL_GPIO_Init)
    HAL_GPIO_WritePin                        0x08000a5d   Thumb Code    10  stm32f1xx_hal_gpio.o(i.HAL_GPIO_WritePin)
    HAL_GetTick                              0x08000a69   Thumb Code     6  stm32f1xx_hal.o(i.HAL_GetTick)
    HAL_I2C_Init                             0x08000a75   Thumb Code   376  stm32f1xx_hal_i2c.o(i.HAL_I2C_Init)
    HAL_I2C_MspInit                          0x08000bfd   Thumb Code    82  stm32f1xx_hal_msp.o(i.HAL_I2C_MspInit)
    HAL_Init                                 0x08000c5d   Thumb Code    32  stm32f1xx_hal.o(i.HAL_Init)
    HAL_InitTick                             0x08000c81   Thumb Code    54  stm32f1xx_hal.o(i.HAL_InitTick)
    HAL_MspInit                              0x08000cc1   Thumb Code    52  stm32f1xx_hal_msp.o(i.HAL_MspInit)
    HAL_NVIC_SetPriority                     0x08000cfd   Thumb Code    60  stm32f1xx_hal_cortex.o(i.HAL_NVIC_SetPriority)
    HAL_NVIC_SetPriorityGrouping             0x08000d3d   Thumb Code    26  stm32f1xx_hal_cortex.o(i.HAL_NVIC_SetPriorityGrouping)
    HAL_RCC_ClockConfig                      0x08000d61   Thumb Code   280  stm32f1xx_hal_rcc.o(i.HAL_RCC_ClockConfig)
    HAL_RCC_GetPCLK1Freq                     0x08000e8d   Thumb Code    20  stm32f1xx_hal_rcc.o(i.HAL_RCC_GetPCLK1Freq)
    HAL_RCC_GetPCLK2Freq                     0x08000ead   Thumb Code    20  stm32f1xx_hal_rcc.o(i.HAL_RCC_GetPCLK2Freq)
    HAL_RCC_GetSysClockFreq                  0x08000ecd   Thumb Code    74  stm32f1xx_hal_rcc.o(i.HAL_RCC_GetSysClockFreq)
    HAL_RCC_OscConfig                        0x08000f39   Thumb Code   778  stm32f1xx_hal_rcc.o(i.HAL_RCC_OscConfig)
    HAL_SYSTICK_Config                       0x08001259   Thumb Code    40  stm32f1xx_hal_cortex.o(i.HAL_SYSTICK_Config)
    HAL_UART_Init                            0x08001281   Thumb Code    98  stm32f1xx_hal_uart.o(i.HAL_UART_Init)
    HAL_UART_MspInit                         0x080012e5   Thumb Code   100  stm32f1xx_hal_msp.o(i.HAL_UART_MspInit)
    HAL_UART_Transmit                        0x08001355   Thumb Code   178  stm32f1xx_hal_uart.o(i.HAL_UART_Transmit)
    MX_USART1_UART_Init                      0x080014dd   Thumb Code    44  main.o(i.MX_USART1_UART_Init)
    MemManage_Handler                        0x08001511   Thumb Code     2  stm32f1xx_it.o(i.MemManage_Handler)
    NMI_Handler                              0x08001513   Thumb Code     2  stm32f1xx_it.o(i.NMI_Handler)
    SVC_Handler                              0x08001515   Thumb Code     2  stm32f1xx_it.o(i.SVC_Handler)
    SysTick_Handler                          0x08001517   Thumb Code     4  board.o(i.SysTick_Handler)
    SystemClock_Config                       0x0800151b   Thumb Code    94  main.o(i.SystemClock_Config)
    SystemCoreClockUpdate                    0x08001579   Thumb Code    82  system_stm32f1xx.o(i.SystemCoreClockUpdate)
    SystemInit                               0x080015e1   Thumb Code     2  system_stm32f1xx.o(i.SystemInit)
    UsageFault_Handler                       0x08001701   Thumb Code     2  stm32f1xx_it.o(i.UsageFault_Handler)
    __aeabi_errno_addr                       0x08001725   Thumb Code     4  errno.o(i.__aeabi_errno_addr)
    __rt_errno_addr                          0x08001725   Thumb Code     0  errno.o(i.__aeabi_errno_addr)
    __rt_ffs                                 0x0800172d   Thumb Code    62  kservice.o(i.__rt_ffs)
    __scatterload_copy                       0x08001771   Thumb Code    14  handlers.o(i.__scatterload_copy)
    __scatterload_null                       0x0800177f   Thumb Code     2  handlers.o(i.__scatterload_null)
    __scatterload_zeroinit                   0x08001781   Thumb Code    14  handlers.o(i.__scatterload_zeroinit)
    cmd_free                                 0x080019d5   Thumb Code    10  msh.o(i.cmd_free)
    cmd_ps                                   0x080019df   Thumb Code    10  msh.o(i.cmd_ps)
    finsh_get_prompt                         0x080019e9   Thumb Code    68  shell.o(i.finsh_get_prompt)
    finsh_set_prompt_mode                    0x08001a49   Thumb Code    16  shell.o(i.finsh_set_prompt_mode)
    finsh_system_function_init               0x08001a5d   Thumb Code     8  shell.o(i.finsh_system_function_init)
    finsh_system_init                        0x08001a69   Thumb Code    90  shell.o(i.finsh_system_init)
    finsh_thread_entry                       0x08001afd   Thumb Code   612  shell.o(i.finsh_thread_entry)
    hello                                    0x08001e01   Thumb Code    12  cmd.o(i.hello)
    led_thread_entry                         0x08001e21   Thumb Code    40  scs_thread.o(i.led_thread_entry)
    list                                     0x08001e4d   Thumb Code    50  cmd.o(i.list)
    list_mailbox                             0x08001f3d   Thumb Code   200  cmd.o(i.list_mailbox)
    list_mem                                 0x08002081   Thumb Code    32  mem.o(i.list_mem)
    list_sem                                 0x080020ed   Thumb Code   188  cmd.o(i.list_sem)
    list_thread                              0x08002209   Thumb Code   250  cmd.o(i.list_thread)
    list_timer                               0x080023c1   Thumb Code   160  cmd.o(i.list_timer)
    $Super$$main                             0x08002501   Thumb Code   130  main.o(i.main)
    main_thread_entry                        0x080025b5   Thumb Code    14  components.o(i.main_thread_entry)
    msh_auto_complete                        0x0800269d   Thumb Code   150  msh.o(i.msh_auto_complete)
    msh_exec                                 0x08002749   Thumb Code    74  msh.o(i.msh_exec)
    msh_help                                 0x080027ad   Thumb Code    58  msh.o(i.msh_help)
    msh_is_used                              0x08002825   Thumb Code     4  msh.o(i.msh_is_used)
    rt_application_init                      0x08002a95   Thumb Code    32  components.o(i.rt_application_init)
    rt_calloc                                0x08002ac1   Thumb Code    26  mem.o(i.rt_calloc)
    rt_components_board_init                 0x08002add   Thumb Code    20  components.o(i.rt_components_board_init)
    rt_components_init                       0x08002af9   Thumb Code    20  components.o(i.rt_components_init)
    rt_enter_critical                        0x08002b15   Thumb Code    22  scheduler.o(i.rt_enter_critical)
    rt_exit_critical                         0x08002b31   Thumb Code    52  scheduler.o(i.rt_exit_critical)
    rt_free                                  0x08002b69   Thumb Code   112  mem.o(i.rt_free)
    rt_heap_begin_get                        0x08002c2d   Thumb Code     4  board.o(i.rt_heap_begin_get)
    rt_heap_end_get                          0x08002c35   Thumb Code     4  board.o(i.rt_heap_end_get)
    rt_hw_board_init                         0x08002c3d   Thumb Code    90  board.o(i.rt_hw_board_init)
    rt_hw_console_getchar                    0x08002ca5   Thumb Code    48  finsh_port.o(i.rt_hw_console_getchar)
    rt_hw_console_output                     0x08002cd9   Thumb Code    66  board.o(i.rt_hw_console_output)
    rt_hw_hard_fault_exception               0x08002d21   Thumb Code   186  cpuport.o(i.rt_hw_hard_fault_exception)
    rt_hw_stack_init                         0x08002f1d   Thumb Code    52  cpuport.o(i.rt_hw_stack_init)
    rt_interrupt_enter                       0x08002f55   Thumb Code    22  irq.o(i.rt_interrupt_enter)
    rt_interrupt_leave                       0x08002f71   Thumb Code    22  irq.o(i.rt_interrupt_leave)
    rt_kprintf                               0x08002fe1   Thumb Code    28  kservice.o(i.rt_kprintf)
    rt_malloc                                0x08003081   Thumb Code   232  mem.o(i.rt_malloc)
    rt_memmove                               0x08003171   Thumb Code    50  kservice.o(i.rt_memmove)
    rt_memset                                0x080031a5   Thumb Code    70  kservice.o(i.rt_memset)
    rt_object_allocate                       0x080031eb   Thumb Code    80  object.o(i.rt_object_allocate)
    rt_object_delete                         0x0800323b   Thumb Code    38  object.o(i.rt_object_delete)
    rt_object_detach                         0x08003261   Thumb Code    32  object.o(i.rt_object_detach)
    rt_object_get_information                0x08003281   Thumb Code    30  object.o(i.rt_object_get_information)
    rt_object_init                           0x080032a5   Thumb Code    80  object.o(i.rt_object_init)
    rt_object_is_systemobject                0x080032f5   Thumb Code    14  object.o(i.rt_object_is_systemobject)
    rt_os_tick_callback                      0x08003303   Thumb Code    18  board.o(i.rt_os_tick_callback)
    rt_schedule                              0x08003315   Thumb Code    76  scheduler.o(i.rt_schedule)
    rt_schedule_insert_thread                0x0800336d   Thumb Code    70  scheduler.o(i.rt_schedule_insert_thread)
    rt_schedule_remove_thread                0x080033bd   Thumb Code    64  scheduler.o(i.rt_schedule_remove_thread)
    rt_sem_init                              0x08003405   Thumb Code    36  ipc.o(i.rt_sem_init)
    rt_sem_release                           0x08003429   Thumb Code    74  ipc.o(i.rt_sem_release)
    rt_sem_take                              0x08003473   Thumb Code   110  ipc.o(i.rt_sem_take)
    rt_show_version                          0x080034e1   Thumb Code    40  kservice.o(i.rt_show_version)
    rt_strlen                                0x08003591   Thumb Code    16  kservice.o(i.rt_strlen)
    rt_strncpy                               0x080035a1   Thumb Code    38  kservice.o(i.rt_strncpy)
    rt_system_heap_init                      0x080035c9   Thumb Code    96  mem.o(i.rt_system_heap_init)
    rt_system_scheduler_init                 0x08003675   Thumb Code    44  scheduler.o(i.rt_system_scheduler_init)
    rt_system_scheduler_start                0x080036a9   Thumb Code    32  scheduler.o(i.rt_system_scheduler_start)
    rt_system_timer_init                     0x080036d1   Thumb Code     8  timer.o(i.rt_system_timer_init)
    rt_system_timer_thread_init              0x080036dd   Thumb Code     2  timer.o(i.rt_system_timer_thread_init)
    rt_thread_create                         0x080036df   Thumb Code    72  thread.o(i.rt_thread_create)
    rt_thread_exit                           0x08003729   Thumb Code    82  thread.o(i.rt_thread_exit)
    rt_thread_idle_excute                    0x0800378d   Thumb Code    70  idle.o(i.rt_thread_idle_excute)
    rt_thread_idle_init                      0x080037d9   Thumb Code    40  idle.o(i.rt_thread_idle_init)
    rt_thread_init                           0x08003811   Thumb Code    48  thread.o(i.rt_thread_init)
    rt_thread_mdelay                         0x08003841   Thumb Code    14  thread.o(i.rt_thread_mdelay)
    rt_thread_resume                         0x0800384f   Thumb Code    60  thread.o(i.rt_thread_resume)
    rt_thread_self                           0x0800388d   Thumb Code     6  thread.o(i.rt_thread_self)
    rt_thread_sleep                          0x08003899   Thumb Code    60  thread.o(i.rt_thread_sleep)
    rt_thread_startup                        0x080038d9   Thumb Code    40  thread.o(i.rt_thread_startup)
    rt_thread_suspend                        0x08003905   Thumb Code    66  thread.o(i.rt_thread_suspend)
    rt_thread_timeout                        0x08003947   Thumb Code    32  thread.o(i.rt_thread_timeout)
    rt_thread_yield                          0x08003969   Thumb Code    86  thread.o(i.rt_thread_yield)
    rt_tick_from_millisecond                 0x080039c9   Thumb Code    50  clock.o(i.rt_tick_from_millisecond)
    rt_tick_get                              0x080039fd   Thumb Code     6  clock.o(i.rt_tick_get)
    rt_tick_increase                         0x08003a09   Thumb Code    38  clock.o(i.rt_tick_increase)
    rt_timer_check                           0x08003a35   Thumb Code   136  timer.o(i.rt_timer_check)
    rt_timer_control                         0x08003ac1   Thumb Code    72  timer.o(i.rt_timer_control)
    rt_timer_detach                          0x08003b09   Thumb Code    40  timer.o(i.rt_timer_detach)
    rt_timer_init                            0x08003b31   Thumb Code    40  timer.o(i.rt_timer_init)
    rt_timer_start                           0x08003b59   Thumb Code   126  timer.o(i.rt_timer_start)
    rt_timer_stop                            0x08003bdd   Thumb Code    46  timer.o(i.rt_timer_stop)
    rt_vsnprintf                             0x08003c0d   Thumb Code   634  kservice.o(i.rt_vsnprintf)
    rtthread_startup                         0x08003ea1   Thumb Code    42  components.o(i.rtthread_startup)
    scs_thread_init                          0x08003ecd   Thumb Code    40  scs_thread.o(i.scs_thread_init)
    version                                  0x080044d5   Thumb Code    10  cmd.o(i.version)
    AHBPrescTable                            0x080044de   Data          16  system_stm32f1xx.o(.constdata)
    APBPrescTable                            0x080044ee   Data           8  system_stm32f1xx.o(.constdata)
    __lowest_bit_bitmap                      0x080044f6   Data         256  kservice.o(.constdata)
    __ctype_table                            0x08004618   Data         129  ctype_o.o(.constdata)
    __fsym___cmd_set_ploar_name              0x080046e4   Data          16  main.o(.rodata.name)
    __fsym___cmd_set_ploar_desc              0x080046f4   Data          19  main.o(.rodata.name)
    __fsym___cmd_set_mode_name               0x08004707   Data          15  main.o(.rodata.name)
    __fsym___cmd_set_mode_desc               0x08004716   Data          18  main.o(.rodata.name)
    __fsym___cmd_set_out_name                0x08004728   Data          14  main.o(.rodata.name)
    __fsym___cmd_set_out_desc                0x08004736   Data          31  main.o(.rodata.name)
    __fsym___cmd_set_dac1_name               0x08004755   Data          15  main.o(.rodata.name)
    __fsym___cmd_set_dac1_desc               0x08004764   Data          27  main.o(.rodata.name)
    __fsym___cmd_set_dac2_name               0x0800477f   Data          15  main.o(.rodata.name)
    __fsym___cmd_set_dac2_desc               0x0800478e   Data          27  main.o(.rodata.name)
    __fsym_list_mem_name                     0x080047a9   Data           9  mem.o(.rodata.name)
    __fsym_list_mem_desc                     0x080047b2   Data          30  mem.o(.rodata.name)
    __fsym_hello_name                        0x080047d0   Data           6  cmd.o(.rodata.name)
    __fsym_hello_desc                        0x080047d6   Data          16  cmd.o(.rodata.name)
    __fsym_version_name                      0x080047e6   Data           8  cmd.o(.rodata.name)
    __fsym_version_desc                      0x080047ee   Data          35  cmd.o(.rodata.name)
    __fsym___cmd_version_name                0x08004811   Data          14  cmd.o(.rodata.name)
    __fsym___cmd_version_desc                0x0800481f   Data          35  cmd.o(.rodata.name)
    __fsym_list_thread_name                  0x08004842   Data          12  cmd.o(.rodata.name)
    __fsym_list_thread_desc                  0x0800484e   Data          12  cmd.o(.rodata.name)
    __fsym___cmd_list_thread_name            0x0800485a   Data          18  cmd.o(.rodata.name)
    __fsym___cmd_list_thread_desc            0x0800486c   Data          12  cmd.o(.rodata.name)
    __fsym_list_sem_name                     0x08004878   Data           9  cmd.o(.rodata.name)
    __fsym_list_sem_desc                     0x08004881   Data          25  cmd.o(.rodata.name)
    __fsym___cmd_list_sem_name               0x0800489a   Data          15  cmd.o(.rodata.name)
    __fsym___cmd_list_sem_desc               0x080048a9   Data          25  cmd.o(.rodata.name)
    __fsym_list_mailbox_name                 0x080048c2   Data          13  cmd.o(.rodata.name)
    __fsym_list_mailbox_desc                 0x080048cf   Data          24  cmd.o(.rodata.name)
    __fsym___cmd_list_mailbox_name           0x080048e7   Data          19  cmd.o(.rodata.name)
    __fsym___cmd_list_mailbox_desc           0x080048fa   Data          24  cmd.o(.rodata.name)
    __fsym_list_timer_name                   0x08004912   Data          11  cmd.o(.rodata.name)
    __fsym_list_timer_desc                   0x0800491d   Data          21  cmd.o(.rodata.name)
    __fsym___cmd_list_timer_name             0x08004932   Data          17  cmd.o(.rodata.name)
    __fsym___cmd_list_timer_desc             0x08004943   Data          21  cmd.o(.rodata.name)
    __fsym_list_name                         0x08004958   Data           5  cmd.o(.rodata.name)
    __fsym_list_desc                         0x0800495d   Data          26  cmd.o(.rodata.name)
    __fsym___cmd_help_name                   0x08004977   Data          11  msh.o(.rodata.name)
    __fsym___cmd_help_desc                   0x08004982   Data          22  msh.o(.rodata.name)
    __fsym___cmd_ps_name                     0x08004998   Data           9  msh.o(.rodata.name)
    __fsym___cmd_ps_desc                     0x080049a1   Data          28  msh.o(.rodata.name)
    __fsym___cmd_free_name                   0x080049bd   Data          11  msh.o(.rodata.name)
    __fsym___cmd_free_desc                   0x080049c8   Data          37  msh.o(.rodata.name)
    __rt_init_rti_start                      0x080049f0   Data           4  components.o(.rti_fn.0)
    __rt_init_rti_board_start                0x080049f4   Data           4  components.o(.rti_fn.0.end)
    __rt_init_uart_init                      0x080049f8   Data           4  board.o(.rti_fn.1)
    __rt_init_rti_board_end                  0x080049fc   Data           4  components.o(.rti_fn.1.end)
    __rt_init_finsh_system_init              0x08004a00   Data           4  shell.o(.rti_fn.6)
    __rt_init_rti_end                        0x08004a04   Data           4  components.o(.rti_fn.6.end)
    FSymTab$$Base                            0x08004a08   Number         0  main.o(FSymTab)
    __fsym___cmd_set_ploar                   0x08004a08   Data          12  main.o(FSymTab)
    __fsym___cmd_set_mode                    0x08004a14   Data          12  main.o(FSymTab)
    __fsym___cmd_set_out                     0x08004a20   Data          12  main.o(FSymTab)
    __fsym___cmd_set_dac1                    0x08004a2c   Data          12  main.o(FSymTab)
    __fsym___cmd_set_dac2                    0x08004a38   Data          12  main.o(FSymTab)
    __fsym_list_mem                          0x08004a44   Data          12  mem.o(FSymTab)
    __fsym_hello                             0x08004a50   Data          12  cmd.o(FSymTab)
    __fsym_version                           0x08004a5c   Data          12  cmd.o(FSymTab)
    __fsym___cmd_version                     0x08004a68   Data          12  cmd.o(FSymTab)
    __fsym_list_thread                       0x08004a74   Data          12  cmd.o(FSymTab)
    __fsym___cmd_list_thread                 0x08004a80   Data          12  cmd.o(FSymTab)
    __fsym_list_sem                          0x08004a8c   Data          12  cmd.o(FSymTab)
    __fsym___cmd_list_sem                    0x08004a98   Data          12  cmd.o(FSymTab)
    __fsym_list_mailbox                      0x08004aa4   Data          12  cmd.o(FSymTab)
    __fsym___cmd_list_mailbox                0x08004ab0   Data          12  cmd.o(FSymTab)
    __fsym_list_timer                        0x08004abc   Data          12  cmd.o(FSymTab)
    __fsym___cmd_list_timer                  0x08004ac8   Data          12  cmd.o(FSymTab)
    __fsym_list                              0x08004ad4   Data          12  cmd.o(FSymTab)
    __fsym___cmd_help                        0x08004ae0   Data          12  msh.o(FSymTab)
    __fsym___cmd_ps                          0x08004aec   Data          12  msh.o(FSymTab)
    __fsym___cmd_free                        0x08004af8   Data          12  msh.o(FSymTab)
    FSymTab$$Limit                           0x08004b04   Number         0  msh.o(FSymTab)
    Region$$Table$$Base                      0x08004b04   Number         0  anon$$obj.o(Region$$Table)
    Region$$Table$$Limit                     0x08004b24   Number         0  anon$$obj.o(Region$$Table)
    uwTickFreq                               0x20000000   Data           1  stm32f1xx_hal.o(.data)
    uwTickPrio                               0x20000004   Data           4  stm32f1xx_hal.o(.data)
    uwTick                                   0x20000008   Data           4  stm32f1xx_hal.o(.data)
    SystemCoreClock                          0x2000000c   Data           4  system_stm32f1xx.o(.data)
    rt_interrupt_from_thread                 0x20000018   Data           4  cpuport.o(.data)
    rt_interrupt_to_thread                   0x2000001c   Data           4  cpuport.o(.data)
    rt_thread_switch_interrupt_flag          0x20000020   Data           4  cpuport.o(.data)
    rt_interrupt_nest                        0x20000024   Data           1  irq.o(.data)
    rt_current_priority                      0x20000080   Data           1  scheduler.o(.data)
    rt_current_thread                        0x20000084   Data           4  scheduler.o(.data)
    rt_thread_ready_priority_group           0x20000088   Data           4  scheduler.o(.data)
    rt_thread_defunct                        0x2000008c   Data           8  scheduler.o(.data)
    _syscall_table_begin                     0x200000a0   Data           4  shell.o(.data)
    _syscall_table_end                       0x200000a4   Data           4  shell.o(.data)
    _sysvar_table_begin                      0x200000a8   Data           4  shell.o(.data)
    _sysvar_table_end                        0x200000ac   Data           4  shell.o(.data)
    shell                                    0x200000b4   Data           4  shell.o(.data)
    hi2c2                                    0x200000bc   Data          84  main.o(.bss)
    huart1                                   0x20000110   Data          68  main.o(.bss)
    rt_thread_priority_table                 0x20001664   Data         256  scheduler.o(.bss)
    __initial_sp                             0x20002068   Data           0  startup_stm32f103xe.o(STACK)



==============================================================================

Memory Map of the image

  Image Entry point : 0x08000131

  Load Region LR_IROM1 (Base: 0x08000000, Size: 0x00004be0, Max: 0x00040000, ABSOLUTE)

    Execution Region ER_IROM1 (Exec base: 0x08000000, Load base: 0x08000000, Size: 0x00004b24, Max: 0x00040000, ABSOLUTE)

    Exec Addr    Load Addr    Size         Type   Attr      Idx    E Section Name        Object

    0x08000000   0x08000000   0x00000130   Data   RO            3    RESET               startup_stm32f103xe.o
    0x08000130   0x08000130   0x00000000   Code   RO         3601  * .ARM.Collect$$$$00000000  mc_w.l(entry.o)
    0x08000130   0x08000130   0x00000004   Code   RO         3636    .ARM.Collect$$$$00000001  mc_w.l(entry2.o)
    0x08000134   0x08000134   0x00000004   Code   RO         3639    .ARM.Collect$$$$00000004  mc_w.l(entry5.o)
    0x08000138   0x08000138   0x00000000   Code   RO         3641    .ARM.Collect$$$$00000008  mc_w.l(entry7b.o)
    0x08000138   0x08000138   0x00000000   Code   RO         3643    .ARM.Collect$$$$0000000A  mc_w.l(entry8b.o)
    0x08000138   0x08000138   0x00000008   Code   RO         3644    .ARM.Collect$$$$0000000B  mc_w.l(entry9a.o)
    0x08000140   0x08000140   0x00000000   Code   RO         3646    .ARM.Collect$$$$0000000D  mc_w.l(entry10a.o)
    0x08000140   0x08000140   0x00000000   Code   RO         3648    .ARM.Collect$$$$0000000F  mc_w.l(entry11a.o)
    0x08000140   0x08000140   0x00000004   Code   RO         3637    .ARM.Collect$$$$00002712  mc_w.l(entry2.o)
    0x08000144   0x08000144   0x00000024   Code   RO            4    .text               startup_stm32f103xe.o
    0x08000168   0x08000168   0x000000f4   Code   RO         2427    .text               context_rvds.o
    0x0800025c   0x0800025c   0x00000020   Code   RO         3604    .text               mc_w.l(llushr.o)
    0x0800027c   0x0800027c   0x00000024   Code   RO         3606    .text               mc_w.l(memcpya.o)
    0x080002a0   0x080002a0   0x00000024   Code   RO         3608    .text               mc_w.l(memseta.o)
    0x080002c4   0x080002c4   0x00000018   Code   RO         3610    .text               mc_w.l(strcat.o)
    0x080002dc   0x080002dc   0x00000018   Code   RO         3612    .text               mc_w.l(strncpy.o)
    0x080002f4   0x080002f4   0x0000000e   Code   RO         3614    .text               mc_w.l(strlen.o)
    0x08000302   0x08000302   0x00000012   Code   RO         3616    .text               mc_w.l(strcpy.o)
    0x08000314   0x08000314   0x0000001e   Code   RO         3618    .text               mc_w.l(strncmp.o)
    0x08000332   0x08000332   0x0000001a   Code   RO         3622    .text               mc_w.l(atoi.o)
    0x0800034c   0x0800034c   0x000000de   Code   RO         3624    .text               mf_w.l(ddiv.o)
    0x0800042a   0x0800042a   0x0000002e   Code   RO         3626    .text               mf_w.l(dscalb.o)
    0x08000458   0x08000458   0x00000022   Code   RO         3628    .text               mf_w.l(dflti.o)
    0x0800047a   0x0800047a   0x00000032   Code   RO         3630    .text               mf_w.l(dfixui.o)
    0x080004ac   0x080004ac   0x00000026   Code   RO         3632    .text               mf_w.l(f2d.o)
    0x080004d2   0x080004d2   0x00000038   Code   RO         3634    .text               mf_w.l(d2f.o)
    0x0800050a   0x0800050a   0x00000070   Code   RO         3657    .text               mc_w.l(strtol.o)
    0x0800057a   0x0800057a   0x00000000   Code   RO         3659    .text               mc_w.l(iusefp.o)
    0x0800057a   0x0800057a   0x0000006e   Code   RO         3660    .text               mf_w.l(fepilogue.o)
    0x080005e8   0x080005e8   0x000000ba   Code   RO         3662    .text               mf_w.l(depilogue.o)
    0x080006a2   0x080006a2   0x00000002   PAD
    0x080006a4   0x080006a4   0x00000024   Code   RO         3664    .text               mc_w.l(init.o)
    0x080006c8   0x080006c8   0x0000001e   Code   RO         3666    .text               mc_w.l(llshl.o)
    0x080006e6   0x080006e6   0x00000002   PAD
    0x080006e8   0x080006e8   0x00000008   Code   RO         3668    .text               mc_w.l(ctype_o.o)
    0x080006f0   0x080006f0   0x0000009e   Code   RO         3696    .text               mc_w.l(_strtoul.o)
    0x0800078e   0x0800078e   0x0000001c   Code   RO         3698    .text               mc_w.l(_chval.o)
    0x080007aa   0x080007aa   0x0000000a   Code   RO         2360    i.$Sub$$main        components.o
    0x080007b4   0x080007b4   0x000000ac   Code   RO           13    i.AD5542_Write      main.o
    0x08000860   0x08000860   0x00000002   Code   RO          276    i.BusFault_Handler  stm32f1xx_it.o
    0x08000862   0x08000862   0x00000002   Code   RO          277    i.DebugMon_Handler  stm32f1xx_it.o
    0x08000864   0x08000864   0x000001f8   Code   RO         1164    i.HAL_GPIO_Init     stm32f1xx_hal_gpio.o
    0x08000a5c   0x08000a5c   0x0000000a   Code   RO         1168    i.HAL_GPIO_WritePin  stm32f1xx_hal_gpio.o
    0x08000a66   0x08000a66   0x00000002   PAD
    0x08000a68   0x08000a68   0x0000000c   Code   RO          860    i.HAL_GetTick       stm32f1xx_hal.o
    0x08000a74   0x08000a74   0x00000188   Code   RO          428    i.HAL_I2C_Init      stm32f1xx_hal_i2c.o
    0x08000bfc   0x08000bfc   0x00000060   Code   RO          334    i.HAL_I2C_MspInit   stm32f1xx_hal_msp.o
    0x08000c5c   0x08000c5c   0x00000024   Code   RO          867    i.HAL_Init          stm32f1xx_hal.o
    0x08000c80   0x08000c80   0x00000040   Code   RO          868    i.HAL_InitTick      stm32f1xx_hal.o
    0x08000cc0   0x08000cc0   0x0000003c   Code   RO          335    i.HAL_MspInit       stm32f1xx_hal_msp.o
    0x08000cfc   0x08000cfc   0x00000040   Code   RO         1330    i.HAL_NVIC_SetPriority  stm32f1xx_hal_cortex.o
    0x08000d3c   0x08000d3c   0x00000024   Code   RO         1331    i.HAL_NVIC_SetPriorityGrouping  stm32f1xx_hal_cortex.o
    0x08000d60   0x08000d60   0x0000012c   Code   RO         1024    i.HAL_RCC_ClockConfig  stm32f1xx_hal_rcc.o
    0x08000e8c   0x08000e8c   0x00000020   Code   RO         1031    i.HAL_RCC_GetPCLK1Freq  stm32f1xx_hal_rcc.o
    0x08000eac   0x08000eac   0x00000020   Code   RO         1032    i.HAL_RCC_GetPCLK2Freq  stm32f1xx_hal_rcc.o
    0x08000ecc   0x08000ecc   0x0000006c   Code   RO         1033    i.HAL_RCC_GetSysClockFreq  stm32f1xx_hal_rcc.o
    0x08000f38   0x08000f38   0x00000320   Code   RO         1036    i.HAL_RCC_OscConfig  stm32f1xx_hal_rcc.o
    0x08001258   0x08001258   0x00000028   Code   RO         1335    i.HAL_SYSTICK_Config  stm32f1xx_hal_cortex.o
    0x08001280   0x08001280   0x00000062   Code   RO         1889    i.HAL_UART_Init     stm32f1xx_hal_uart.o
    0x080012e2   0x080012e2   0x00000002   PAD
    0x080012e4   0x080012e4   0x00000070   Code   RO          337    i.HAL_UART_MspInit  stm32f1xx_hal_msp.o
    0x08001354   0x08001354   0x000000b2   Code   RO         1897    i.HAL_UART_Transmit  stm32f1xx_hal_uart.o
    0x08001406   0x08001406   0x00000002   PAD
    0x08001408   0x08001408   0x000000d4   Code   RO           15    i.MX_GPIO_Init      main.o
    0x080014dc   0x080014dc   0x00000034   Code   RO           16    i.MX_USART1_UART_Init  main.o
    0x08001510   0x08001510   0x00000002   Code   RO          278    i.MemManage_Handler  stm32f1xx_it.o
    0x08001512   0x08001512   0x00000002   Code   RO          279    i.NMI_Handler       stm32f1xx_it.o
    0x08001514   0x08001514   0x00000002   Code   RO          280    i.SVC_Handler       stm32f1xx_it.o
    0x08001516   0x08001516   0x00000004   Code   RO         2255    i.SysTick_Handler   board.o
    0x0800151a   0x0800151a   0x0000005e   Code   RO           17    i.SystemClock_Config  main.o
    0x08001578   0x08001578   0x00000068   Code   RO         2217    i.SystemCoreClockUpdate  system_stm32f1xx.o
    0x080015e0   0x080015e0   0x00000002   Code   RO         2218    i.SystemInit        system_stm32f1xx.o
    0x080015e2   0x080015e2   0x00000002   PAD
    0x080015e4   0x080015e4   0x000000b8   Code   RO         1915    i.UART_SetConfig    stm32f1xx_hal_uart.o
    0x0800169c   0x0800169c   0x00000064   Code   RO         1918    i.UART_WaitOnFlagUntilTimeout  stm32f1xx_hal_uart.o
    0x08001700   0x08001700   0x00000002   Code   RO          281    i.UsageFault_Handler  stm32f1xx_it.o
    0x08001702   0x08001702   0x00000020   Code   RO         1337    i.__NVIC_SetPriority  stm32f1xx_hal_cortex.o
    0x08001722   0x08001722   0x00000002   PAD
    0x08001724   0x08001724   0x00000008   Code   RO         3650    i.__aeabi_errno_addr  mc_w.l(errno.o)
    0x0800172c   0x0800172c   0x00000044   Code   RO         2684    i.__rt_ffs          kservice.o
    0x08001770   0x08001770   0x0000000e   Code   RO         3702    i.__scatterload_copy  mc_w.l(handlers.o)
    0x0800177e   0x0800177e   0x00000002   Code   RO         3703    i.__scatterload_null  mc_w.l(handlers.o)
    0x08001780   0x08001780   0x0000000e   Code   RO         3704    i.__scatterload_zeroinit  mc_w.l(handlers.o)
    0x0800178e   0x0800178e   0x00000002   PAD
    0x08001790   0x08001790   0x0000009c   Code   RO         3457    i._msh_exec_cmd     msh.o
    0x0800182c   0x0800182c   0x00000080   Code   RO         3102    i._rt_thread_init   thread.o
    0x080018ac   0x080018ac   0x0000001c   Code   RO         3232    i._rt_timer_init    timer.o
    0x080018c8   0x080018c8   0x00000006   Code   RO         3233    i._rt_timer_remove  timer.o
    0x080018ce   0x080018ce   0x0000001c   Code   RO         3103    i._thread_cleanup_execute  thread.o
    0x080018ea   0x080018ea   0x00000002   PAD
    0x080018ec   0x080018ec   0x000000e8   Code   RO         2440    i.bus_fault_track   cpuport.o
    0x080019d4   0x080019d4   0x0000000a   Code   RO         3458    i.cmd_free          msh.o
    0x080019de   0x080019de   0x0000000a   Code   RO         3459    i.cmd_ps            msh.o
    0x080019e8   0x080019e8   0x00000060   Code   RO         3525    i.finsh_get_prompt  shell.o
    0x08001a48   0x08001a48   0x00000014   Code   RO         3529    i.finsh_set_prompt_mode  shell.o
    0x08001a5c   0x08001a5c   0x0000000c   Code   RO         3530    i.finsh_system_function_init  shell.o
    0x08001a68   0x08001a68   0x00000094   Code   RO         3531    i.finsh_system_init  shell.o
    0x08001afc   0x08001afc   0x0000028c   Code   RO         3533    i.finsh_thread_entry  shell.o
    0x08001d88   0x08001d88   0x00000078   Code   RO         2441    i.hard_fault_track  cpuport.o
    0x08001e00   0x08001e00   0x00000020   Code   RO         3329    i.hello             cmd.o
    0x08001e20   0x08001e20   0x0000002c   Code   RO          240    i.led_thread_entry  scs_thread.o
    0x08001e4c   0x08001e4c   0x00000064   Code   RO         3330    i.list              cmd.o
    0x08001eb0   0x08001eb0   0x00000024   Code   RO         3331    i.list_find_init    cmd.o
    0x08001ed4   0x08001ed4   0x00000066   Code   RO         3332    i.list_get_next     cmd.o
    0x08001f3a   0x08001f3a   0x00000002   PAD
    0x08001f3c   0x08001f3c   0x00000144   Code   RO         3333    i.list_mailbox      cmd.o
    0x08002080   0x08002080   0x0000006c   Code   RO         2858    i.list_mem          mem.o
    0x080020ec   0x080020ec   0x0000011c   Code   RO         3334    i.list_sem          cmd.o
    0x08002208   0x08002208   0x000001b8   Code   RO         3335    i.list_thread       cmd.o
    0x080023c0   0x080023c0   0x00000140   Code   RO         3336    i.list_timer        cmd.o
    0x08002500   0x08002500   0x000000b4   Code   RO           20    i.main              main.o
    0x080025b4   0x080025b4   0x0000000e   Code   RO         2361    i.main_thread_entry  components.o
    0x080025c2   0x080025c2   0x00000002   PAD
    0x080025c4   0x080025c4   0x000000d8   Code   RO         2442    i.mem_manage_fault_track  cpuport.o
    0x0800269c   0x0800269c   0x000000ac   Code   RO         3460    i.msh_auto_complete  msh.o
    0x08002748   0x08002748   0x00000064   Code   RO         3461    i.msh_exec          msh.o
    0x080027ac   0x080027ac   0x00000078   Code   RO         3462    i.msh_help          msh.o
    0x08002824   0x08002824   0x00000004   Code   RO         3463    i.msh_is_used       msh.o
    0x08002828   0x08002828   0x000000d0   Code   RO         3464    i.msh_split         msh.o
    0x080028f8   0x080028f8   0x00000018   Code   RO         3337    i.object_split      cmd.o
    0x08002910   0x08002910   0x00000054   Code   RO         2859    i.plug_holes        mem.o
    0x08002964   0x08002964   0x00000130   Code   RO         2686    i.print_number      kservice.o
    0x08002a94   0x08002a94   0x0000002c   Code   RO         2362    i.rt_application_init  components.o
    0x08002ac0   0x08002ac0   0x0000001a   Code   RO         2860    i.rt_calloc         mem.o
    0x08002ada   0x08002ada   0x00000002   PAD
    0x08002adc   0x08002adc   0x0000001c   Code   RO         2363    i.rt_components_board_init  components.o
    0x08002af8   0x08002af8   0x0000001c   Code   RO         2364    i.rt_components_init  components.o
    0x08002b14   0x08002b14   0x0000001c   Code   RO         3035    i.rt_enter_critical  scheduler.o
    0x08002b30   0x08002b30   0x00000038   Code   RO         3036    i.rt_exit_critical  scheduler.o
    0x08002b68   0x08002b68   0x000000c4   Code   RO         2861    i.rt_free           mem.o
    0x08002c2c   0x08002c2c   0x00000008   Code   RO         2256    i.rt_heap_begin_get  board.o
    0x08002c34   0x08002c34   0x00000008   Code   RO         2257    i.rt_heap_end_get   board.o
    0x08002c3c   0x08002c3c   0x00000068   Code   RO         2258    i.rt_hw_board_init  board.o
    0x08002ca4   0x08002ca4   0x00000034   Code   RO         3436    i.rt_hw_console_getchar  finsh_port.o
    0x08002cd8   0x08002cd8   0x00000048   Code   RO         2259    i.rt_hw_console_output  board.o
    0x08002d20   0x08002d20   0x000001fc   Code   RO         2446    i.rt_hw_hard_fault_exception  cpuport.o
    0x08002f1c   0x08002f1c   0x00000038   Code   RO         2447    i.rt_hw_stack_init  cpuport.o
    0x08002f54   0x08002f54   0x0000001c   Code   RO         2657    i.rt_interrupt_enter  irq.o
    0x08002f70   0x08002f70   0x0000001c   Code   RO         2659    i.rt_interrupt_leave  irq.o
    0x08002f8c   0x08002f8c   0x00000052   Code   RO         2538    i.rt_ipc_list_suspend  ipc.o
    0x08002fde   0x08002fde   0x00000002   PAD
    0x08002fe0   0x08002fe0   0x00000020   Code   RO         2690    i.rt_kprintf        kservice.o
    0x08003000   0x08003000   0x0000000e   Code   RO         2947    i.rt_list_insert_after  object.o
    0x0800300e   0x0800300e   0x0000000e   Code   RO         3104    i.rt_list_insert_after  thread.o
    0x0800301c   0x0800301c   0x0000000e   Code   RO         3234    i.rt_list_insert_after  timer.o
    0x0800302a   0x0800302a   0x0000000e   Code   RO         2539    i.rt_list_insert_before  ipc.o
    0x08003038   0x08003038   0x00000012   Code   RO         3338    i.rt_list_len       cmd.o
    0x0800304a   0x0800304a   0x00000012   Code   RO         2948    i.rt_list_remove    object.o
    0x0800305c   0x0800305c   0x00000012   Code   RO         3105    i.rt_list_remove    thread.o
    0x0800306e   0x0800306e   0x00000012   Code   RO         3235    i.rt_list_remove    timer.o
    0x08003080   0x08003080   0x000000f0   Code   RO         2862    i.rt_malloc         mem.o
    0x08003170   0x08003170   0x00000032   Code   RO         2695    i.rt_memmove        kservice.o
    0x080031a2   0x080031a2   0x00000002   PAD
    0x080031a4   0x080031a4   0x00000046   Code   RO         2696    i.rt_memset         kservice.o
    0x080031ea   0x080031ea   0x00000050   Code   RO         2949    i.rt_object_allocate  object.o
    0x0800323a   0x0800323a   0x00000026   Code   RO         2950    i.rt_object_delete  object.o
    0x08003260   0x08003260   0x00000020   Code   RO         2951    i.rt_object_detach  object.o
    0x08003280   0x08003280   0x00000024   Code   RO         2953    i.rt_object_get_information  object.o
    0x080032a4   0x080032a4   0x00000050   Code   RO         2957    i.rt_object_init    object.o
    0x080032f4   0x080032f4   0x0000000e   Code   RO         2958    i.rt_object_is_systemobject  object.o
    0x08003302   0x08003302   0x00000012   Code   RO         2260    i.rt_os_tick_callback  board.o
    0x08003314   0x08003314   0x00000058   Code   RO         3037    i.rt_schedule       scheduler.o
    0x0800336c   0x0800336c   0x00000050   Code   RO         3038    i.rt_schedule_insert_thread  scheduler.o
    0x080033bc   0x080033bc   0x00000048   Code   RO         3039    i.rt_schedule_remove_thread  scheduler.o
    0x08003404   0x08003404   0x00000024   Code   RO         2552    i.rt_sem_init       ipc.o
    0x08003428   0x08003428   0x0000004a   Code   RO         2553    i.rt_sem_release    ipc.o
    0x08003472   0x08003472   0x0000006e   Code   RO         2554    i.rt_sem_take       ipc.o
    0x080034e0   0x080034e0   0x000000b0   Code   RO         2698    i.rt_show_version   kservice.o
    0x08003590   0x08003590   0x00000010   Code   RO         2704    i.rt_strlen         kservice.o
    0x080035a0   0x080035a0   0x00000026   Code   RO         2706    i.rt_strncpy        kservice.o
    0x080035c6   0x080035c6   0x00000002   PAD
    0x080035c8   0x080035c8   0x000000ac   Code   RO         2865    i.rt_system_heap_init  mem.o
    0x08003674   0x08003674   0x00000034   Code   RO         3040    i.rt_system_scheduler_init  scheduler.o
    0x080036a8   0x080036a8   0x00000028   Code   RO         3041    i.rt_system_scheduler_start  scheduler.o
    0x080036d0   0x080036d0   0x0000000c   Code   RO         3236    i.rt_system_timer_init  timer.o
    0x080036dc   0x080036dc   0x00000002   Code   RO         3237    i.rt_system_timer_thread_init  timer.o
    0x080036de   0x080036de   0x00000048   Code   RO         3107    i.rt_thread_create  thread.o
    0x08003726   0x08003726   0x00000002   PAD
    0x08003728   0x08003728   0x0000005c   Code   RO         3112    i.rt_thread_exit    thread.o
    0x08003784   0x08003784   0x00000006   Code   RO         2502    i.rt_thread_idle_entry  idle.o
    0x0800378a   0x0800378a   0x00000002   PAD
    0x0800378c   0x0800378c   0x0000004c   Code   RO         2503    i.rt_thread_idle_excute  idle.o
    0x080037d8   0x080037d8   0x00000038   Code   RO         2505    i.rt_thread_idle_init  idle.o
    0x08003810   0x08003810   0x00000030   Code   RO         3114    i.rt_thread_init    thread.o
    0x08003840   0x08003840   0x0000000e   Code   RO         3115    i.rt_thread_mdelay  thread.o
    0x0800384e   0x0800384e   0x0000003c   Code   RO         3116    i.rt_thread_resume  thread.o
    0x0800388a   0x0800388a   0x00000002   PAD
    0x0800388c   0x0800388c   0x0000000c   Code   RO         3117    i.rt_thread_self    thread.o
    0x08003898   0x08003898   0x00000040   Code   RO         3118    i.rt_thread_sleep   thread.o
    0x080038d8   0x080038d8   0x0000002c   Code   RO         3119    i.rt_thread_startup  thread.o
    0x08003904   0x08003904   0x00000042   Code   RO         3120    i.rt_thread_suspend  thread.o
    0x08003946   0x08003946   0x00000020   Code   RO         3121    i.rt_thread_timeout  thread.o
    0x08003966   0x08003966   0x00000002   PAD
    0x08003968   0x08003968   0x00000060   Code   RO         3122    i.rt_thread_yield   thread.o
    0x080039c8   0x080039c8   0x00000032   Code   RO         2323    i.rt_tick_from_millisecond  clock.o
    0x080039fa   0x080039fa   0x00000002   PAD
    0x080039fc   0x080039fc   0x0000000c   Code   RO         2324    i.rt_tick_get       clock.o
    0x08003a08   0x08003a08   0x0000002c   Code   RO         2325    i.rt_tick_increase  clock.o
    0x08003a34   0x08003a34   0x0000008c   Code   RO         3238    i.rt_timer_check    timer.o
    0x08003ac0   0x08003ac0   0x00000048   Code   RO         3239    i.rt_timer_control  timer.o
    0x08003b08   0x08003b08   0x00000028   Code   RO         3242    i.rt_timer_detach   timer.o
    0x08003b30   0x08003b30   0x00000028   Code   RO         3243    i.rt_timer_init     timer.o
    0x08003b58   0x08003b58   0x00000084   Code   RO         3245    i.rt_timer_start    timer.o
    0x08003bdc   0x08003bdc   0x0000002e   Code   RO         3246    i.rt_timer_stop     timer.o
    0x08003c0a   0x08003c0a   0x00000002   PAD
    0x08003c0c   0x08003c0c   0x00000284   Code   RO         2709    i.rt_vsnprintf      kservice.o
    0x08003e90   0x08003e90   0x00000004   Code   RO         2365    i.rti_board_end     components.o
    0x08003e94   0x08003e94   0x00000004   Code   RO         2366    i.rti_board_start   components.o
    0x08003e98   0x08003e98   0x00000004   Code   RO         2367    i.rti_end           components.o
    0x08003e9c   0x08003e9c   0x00000004   Code   RO         2368    i.rti_start         components.o
    0x08003ea0   0x08003ea0   0x0000002a   Code   RO         2369    i.rtthread_startup  components.o
    0x08003eca   0x08003eca   0x00000002   PAD
    0x08003ecc   0x08003ecc   0x0000003c   Code   RO          241    i.scs_thread_init   scs_thread.o
    0x08003f08   0x08003f08   0x00000120   Code   RO           21    i.set_dac1          main.o
    0x08004028   0x08004028   0x00000120   Code   RO           22    i.set_dac2          main.o
    0x08004148   0x08004148   0x000000cc   Code   RO           23    i.set_mode          main.o
    0x08004214   0x08004214   0x000000c8   Code   RO           24    i.set_out           main.o
    0x080042dc   0x080042dc   0x000000c4   Code   RO           25    i.set_ploar         main.o
    0x080043a0   0x080043a0   0x00000030   Code   RO         3339    i.show_wait_queue   cmd.o
    0x080043d0   0x080043d0   0x00000028   Code   RO         2711    i.skip_atoi         kservice.o
    0x080043f8   0x080043f8   0x0000000a   Code   RO         2261    i.uart_init         board.o
    0x08004402   0x08004402   0x00000002   PAD
    0x08004404   0x08004404   0x000000d0   Code   RO         2448    i.usage_fault_track  cpuport.o
    0x080044d4   0x080044d4   0x0000000a   Code   RO         3340    i.version           cmd.o
    0x080044de   0x080044de   0x00000010   Data   RO         2219    .constdata          system_stm32f1xx.o
    0x080044ee   0x080044ee   0x00000008   Data   RO         2220    .constdata          system_stm32f1xx.o
    0x080044f6   0x080044f6   0x00000122   Data   RO         2713    .constdata          kservice.o
    0x08004618   0x08004618   0x00000081   Data   RO         3669    .constdata          mc_w.l(ctype_o.o)
    0x08004699   0x08004699   0x00000003   PAD
    0x0800469c   0x0800469c   0x00000004   Data   RO         3670    .constdata          mc_w.l(ctype_o.o)
    0x080046a0   0x080046a0   0x00000044   Data   RO         3341    .conststring        cmd.o
    0x080046e4   0x080046e4   0x00000010   Data   RO           28    .rodata.name        main.o
    0x080046f4   0x080046f4   0x00000013   Data   RO           29    .rodata.name        main.o
    0x08004707   0x08004707   0x0000000f   Data   RO           30    .rodata.name        main.o
    0x08004716   0x08004716   0x00000012   Data   RO           31    .rodata.name        main.o
    0x08004728   0x08004728   0x0000000e   Data   RO           32    .rodata.name        main.o
    0x08004736   0x08004736   0x0000001f   Data   RO           33    .rodata.name        main.o
    0x08004755   0x08004755   0x0000000f   Data   RO           34    .rodata.name        main.o
    0x08004764   0x08004764   0x0000001b   Data   RO           35    .rodata.name        main.o
    0x0800477f   0x0800477f   0x0000000f   Data   RO           36    .rodata.name        main.o
    0x0800478e   0x0800478e   0x0000001b   Data   RO           37    .rodata.name        main.o
    0x080047a9   0x080047a9   0x00000009   Data   RO         2868    .rodata.name        mem.o
    0x080047b2   0x080047b2   0x0000001e   Data   RO         2869    .rodata.name        mem.o
    0x080047d0   0x080047d0   0x00000006   Data   RO         3342    .rodata.name        cmd.o
    0x080047d6   0x080047d6   0x00000010   Data   RO         3343    .rodata.name        cmd.o
    0x080047e6   0x080047e6   0x00000008   Data   RO         3344    .rodata.name        cmd.o
    0x080047ee   0x080047ee   0x00000023   Data   RO         3345    .rodata.name        cmd.o
    0x08004811   0x08004811   0x0000000e   Data   RO         3346    .rodata.name        cmd.o
    0x0800481f   0x0800481f   0x00000023   Data   RO         3347    .rodata.name        cmd.o
    0x08004842   0x08004842   0x0000000c   Data   RO         3348    .rodata.name        cmd.o
    0x0800484e   0x0800484e   0x0000000c   Data   RO         3349    .rodata.name        cmd.o
    0x0800485a   0x0800485a   0x00000012   Data   RO         3350    .rodata.name        cmd.o
    0x0800486c   0x0800486c   0x0000000c   Data   RO         3351    .rodata.name        cmd.o
    0x08004878   0x08004878   0x00000009   Data   RO         3352    .rodata.name        cmd.o
    0x08004881   0x08004881   0x00000019   Data   RO         3353    .rodata.name        cmd.o
    0x0800489a   0x0800489a   0x0000000f   Data   RO         3354    .rodata.name        cmd.o
    0x080048a9   0x080048a9   0x00000019   Data   RO         3355    .rodata.name        cmd.o
    0x080048c2   0x080048c2   0x0000000d   Data   RO         3356    .rodata.name        cmd.o
    0x080048cf   0x080048cf   0x00000018   Data   RO         3357    .rodata.name        cmd.o
    0x080048e7   0x080048e7   0x00000013   Data   RO         3358    .rodata.name        cmd.o
    0x080048fa   0x080048fa   0x00000018   Data   RO         3359    .rodata.name        cmd.o
    0x08004912   0x08004912   0x0000000b   Data   RO         3360    .rodata.name        cmd.o
    0x0800491d   0x0800491d   0x00000015   Data   RO         3361    .rodata.name        cmd.o
    0x08004932   0x08004932   0x00000011   Data   RO         3362    .rodata.name        cmd.o
    0x08004943   0x08004943   0x00000015   Data   RO         3363    .rodata.name        cmd.o
    0x08004958   0x08004958   0x00000005   Data   RO         3364    .rodata.name        cmd.o
    0x0800495d   0x0800495d   0x0000001a   Data   RO         3365    .rodata.name        cmd.o
    0x08004977   0x08004977   0x0000000b   Data   RO         3465    .rodata.name        msh.o
    0x08004982   0x08004982   0x00000016   Data   RO         3466    .rodata.name        msh.o
    0x08004998   0x08004998   0x00000009   Data   RO         3467    .rodata.name        msh.o
    0x080049a1   0x080049a1   0x0000001c   Data   RO         3468    .rodata.name        msh.o
    0x080049bd   0x080049bd   0x0000000b   Data   RO         3469    .rodata.name        msh.o
    0x080049c8   0x080049c8   0x00000025   Data   RO         3470    .rodata.name        msh.o
    0x080049ed   0x080049ed   0x00000003   PAD
    0x080049f0   0x080049f0   0x00000004   Data   RO         2370    .rti_fn.0           components.o
    0x080049f4   0x080049f4   0x00000004   Data   RO         2371    .rti_fn.0.end       components.o
    0x080049f8   0x080049f8   0x00000004   Data   RO         2263    .rti_fn.1           board.o
    0x080049fc   0x080049fc   0x00000004   Data   RO         2372    .rti_fn.1.end       components.o
    0x08004a00   0x08004a00   0x00000004   Data   RO         3536    .rti_fn.6           shell.o
    0x08004a04   0x08004a04   0x00000004   Data   RO         2373    .rti_fn.6.end       components.o
    0x08004a08   0x08004a08   0x0000003c   Data   RO           38    FSymTab             main.o
    0x08004a44   0x08004a44   0x0000000c   Data   RO         2870    FSymTab             mem.o
    0x08004a50   0x08004a50   0x00000090   Data   RO         3366    FSymTab             cmd.o
    0x08004ae0   0x08004ae0   0x00000024   Data   RO         3471    FSymTab             msh.o
    0x08004b04   0x08004b04   0x00000020   Data   RO         3700    Region$$Table       anon$$obj.o


    Execution Region RW_IRAM1 (Exec base: 0x20000000, Load base: 0x08004b24, Size: 0x00002068, Max: 0x0000c000, ABSOLUTE)

    Exec Addr    Load Addr    Size         Type   Attr      Idx    E Section Name        Object

    0x20000000   0x08004b24   0x0000000c   Data   RW          874    .data               stm32f1xx_hal.o
    0x2000000c   0x08004b30   0x00000004   Data   RW         2221    .data               system_stm32f1xx.o
    0x20000010   0x08004b34   0x00000004   Data   RW         2327    .data               clock.o
    0x20000014   0x08004b38   0x00000004   Data   RW         2449    .data               cpuport.o
    0x20000018   0x08004b3c   0x00000004   Data   RW         2450    .data               cpuport.o
    0x2000001c   0x08004b40   0x00000004   Data   RW         2451    .data               cpuport.o
    0x20000020   0x08004b44   0x00000004   Data   RW         2452    .data               cpuport.o
    0x20000024   0x08004b48   0x00000001   Data   RW         2660    .data               irq.o
    0x20000025   0x08004b49   0x00000003   PAD
    0x20000028   0x08004b4c   0x00000018   Data   RW         2867    .data               mem.o
    0x20000040   0x08004b64   0x00000040   Data   RW         2960    .data               object.o
    0x20000080   0x08004ba4   0x00000014   Data   RW         3043    .data               scheduler.o
    0x20000094   0x08004bb8   0x0000000c   Data   RW         3247    .data               timer.o
    0x200000a0   0x08004bc4   0x00000018   Data   RW         3535    .data               shell.o
    0x200000b8   0x08004bdc   0x00000004   Data   RW         3653    .data               mc_w.l(errno.o)
    0x200000bc        -       0x00000098   Zero   RW           26    .bss                main.o
    0x20000154        -       0x00000278   Zero   RW          242    .bss                scs_thread.o
    0x200003cc        -       0x00001000   Zero   RW         2262    .bss                board.o
    0x200013cc        -       0x00000178   Zero   RW         2506    .bss                idle.o
    0x20001544        -       0x00000100   Zero   RW         2712    .bss                kservice.o
    0x20001644        -       0x00000020   Zero   RW         2866    .bss                mem.o
    0x20001664        -       0x00000100   Zero   RW         3042    .bss                scheduler.o
    0x20001764        -       0x00000101   Zero   RW         3534    .bss                shell.o
    0x20001865   0x08004be0   0x00000003   PAD
    0x20001868        -       0x00000800   Zero   RW            1    STACK               startup_stm32f103xe.o


==============================================================================

Image component sizes


      Code (inc. data)   RO Data    RW Data    ZI Data      Debug   Object Name

       224         28          4          0       4096      29949   board.o
       106         12          0          4          0       1736   clock.o
      1738        656        635          0          0      14385   cmd.o
       182         28         16          0          0       5546   components.o
       244         28          0          0          0        740   context_rvds.o
      1340        718          0         16          0       5194   cpuport.o
        52          4          0          0          0       1000   finsh_port.o
       138         22          0          0        376       4866   idle.o
       316          0          0          0          0       6505   ipc.o
        56         12          0          1          0       1514   irq.o
      1438        160        290          0        256      10637   kservice.o
      1886        568        257          0        152     476726   main.o
       826        248         51         24         32       5043   mem.o
       780        162        154          0          0       7976   msh.o
       312          6          0         64          0       8116   object.o
       416         56          0         20        256       7794   scheduler.o
       104         24          0          0        632       1613   scs_thread.o
       928        134          4         24        257       9088   shell.o
        36          8        304          0       2048        804   startup_stm32f103xe.o
       112         20          0         12          0       5439   stm32f1xx_hal.o
       172         14          0          0          0      28290   stm32f1xx_hal_cortex.o
       514         42          0          0          0       2908   stm32f1xx_hal_gpio.o
       392         16          0          0          0       3103   stm32f1xx_hal_i2c.o
       268         34          0          0          0       2247   stm32f1xx_hal_msp.o
      1272        100          0          0          0       5204   stm32f1xx_hal_rcc.o
       560          6          0          0          0       3948   stm32f1xx_hal_uart.o
        12          0          0          0          0       2591   stm32f1xx_it.o
       106         22         24          4          0       1751   system_stm32f1xx.o
       788         44          0          0          0      11979   thread.o
       550         20          0         12          0      10472   timer.o

    ----------------------------------------------------------------------
     15908       3192       1774        184       8108     677164   Object Totals
         0          0         32          0          0          0   (incl. Generated)
        40          0          3          3          3          0   (incl. Padding)

    ----------------------------------------------------------------------

      Code (inc. data)   RO Data    RW Data    ZI Data      Debug   Library Member Name

        28          0          0          0          0         68   _chval.o
       158          0          0          0          0         92   _strtoul.o
        26          0          0          0          0         80   atoi.o
         8          4        133          0          0         68   ctype_o.o
         0          0          0          0          0          0   entry.o
         0          0          0          0          0          0   entry10a.o
         0          0          0          0          0          0   entry11a.o
         8          4          0          0          0          0   entry2.o
         4          0          0          0          0          0   entry5.o
         0          0          0          0          0          0   entry7b.o
         0          0          0          0          0          0   entry8b.o
         8          4          0          0          0          0   entry9a.o
         8          4          0          4          0         68   errno.o
        30          0          0          0          0          0   handlers.o
        36          8          0          0          0         68   init.o
         0          0          0          0          0          0   iusefp.o
        30          0          0          0          0         68   llshl.o
        32          0          0          0          0         68   llushr.o
        36          0          0          0          0         68   memcpya.o
        36          0          0          0          0        108   memseta.o
        24          0          0          0          0         68   strcat.o
        18          0          0          0          0         68   strcpy.o
        14          0          0          0          0         68   strlen.o
        30          0          0          0          0         80   strncmp.o
        24          0          0          0          0         76   strncpy.o
       112          0          0          0          0         88   strtol.o
        56          0          0          0          0         88   d2f.o
       222          0          0          0          0        100   ddiv.o
       186          0          0          0          0        176   depilogue.o
        50          0          0          0          0         76   dfixui.o
        34          0          0          0          0         76   dflti.o
        46          0          0          0          0         80   dscalb.o
        38          0          0          0          0         68   f2d.o
       110          0          0          0          0        168   fepilogue.o

    ----------------------------------------------------------------------
      1418         24        136          4          0       2036   Library Totals
         6          0          3          0          0          0   (incl. Padding)

    ----------------------------------------------------------------------

      Code (inc. data)   RO Data    RW Data    ZI Data      Debug   Library Name

       670         24        133          4          0       1204   mc_w.l
       742          0          0          0          0        832   mf_w.l

    ----------------------------------------------------------------------
      1418         24        136          4          0       2036   Library Totals

    ----------------------------------------------------------------------

==============================================================================


      Code (inc. data)   RO Data    RW Data    ZI Data      Debug   

     17326       3216       1910        188       8108     669940   Grand Totals
     17326       3216       1910        188       8108     669940   ELF Image Totals
     17326       3216       1910        188          0          0   ROM Totals

==============================================================================

    Total RO  Size (Code + RO Data)                19236 (  18.79kB)
    Total RW  Size (RW Data + ZI Data)              8296 (   8.10kB)
    Total ROM Size (Code + RO Data + RW Data)      19424 (  18.97kB)

==============================================================================

