Component: ARM Compiler 5.06 update 6 (build 750) Tool: armlink [4d35ed]

==============================================================================

Section Cross References

    startup_stm32f103xe.o(RESET) refers to startup_stm32f103xe.o(STACK) for __initial_sp
    startup_stm32f103xe.o(RESET) refers to startup_stm32f103xe.o(.text) for Reset_Handler
    startup_stm32f103xe.o(RESET) refers to stm32f1xx_it.o(i.NMI_Handler) for NMI_Handler
    startup_stm32f103xe.o(RESET) refers to context_rvds.o(.text) for HardFault_Handler
    startup_stm32f103xe.o(RESET) refers to stm32f1xx_it.o(i.MemManage_Handler) for MemManage_Handler
    startup_stm32f103xe.o(RESET) refers to stm32f1xx_it.o(i.BusFault_Handler) for BusFault_Handler
    startup_stm32f103xe.o(RESET) refers to stm32f1xx_it.o(i.UsageFault_Handler) for UsageFault_Handler
    startup_stm32f103xe.o(RESET) refers to stm32f1xx_it.o(i.SVC_Handler) for SVC_Handler
    startup_stm32f103xe.o(RESET) refers to stm32f1xx_it.o(i.DebugMon_Handler) for DebugMon_Handler
    startup_stm32f103xe.o(RESET) refers to board.o(i.SysTick_Handler) for SysTick_Handler
    startup_stm32f103xe.o(.text) refers to system_stm32f1xx.o(i.SystemInit) for SystemInit
    startup_stm32f103xe.o(.text) refers to entry.o(.ARM.Collect$$$$00000000) for __main
    main.o(i.AD5542_Write) refers to f2d.o(.text) for __aeabi_f2d
    main.o(i.AD5542_Write) refers to dscalb.o(.text) for __ARM_scalbn
    main.o(i.AD5542_Write) refers to ddiv.o(.text) for __aeabi_ddiv
    main.o(i.AD5542_Write) refers to dfixui.o(.text) for __aeabi_d2uiz
    main.o(i.AD5542_Write) refers to stm32f1xx_hal_gpio.o(i.HAL_GPIO_WritePin) for HAL_GPIO_WritePin
    main.o(i.MX_GPIO_Init) refers to stm32f1xx_hal_gpio.o(i.HAL_GPIO_WritePin) for HAL_GPIO_WritePin
    main.o(i.MX_GPIO_Init) refers to stm32f1xx_hal_gpio.o(i.HAL_GPIO_Init) for HAL_GPIO_Init
    main.o(i.MX_USART1_UART_Init) refers to stm32f1xx_hal_uart.o(i.HAL_UART_Init) for HAL_UART_Init
    main.o(i.MX_USART1_UART_Init) refers to main.o(.bss) for .bss
    main.o(i.SystemClock_Config) refers to memseta.o(.text) for __aeabi_memclr4
    main.o(i.SystemClock_Config) refers to stm32f1xx_hal_rcc.o(i.HAL_RCC_OscConfig) for HAL_RCC_OscConfig
    main.o(i.SystemClock_Config) refers to stm32f1xx_hal_rcc.o(i.HAL_RCC_ClockConfig) for HAL_RCC_ClockConfig
    main.o(i.USART_PutChar) refers to stm32f1xx_hal_uart.o(i.HAL_UART_Transmit) for HAL_UART_Transmit
    main.o(i.USART_PutChar) refers to main.o(.bss) for .bss
    main.o(i.fputc) refers to main.o(i.USART_PutChar) for USART_PutChar
    main.o(i.main) refers to main.o(i.MX_GPIO_Init) for MX_GPIO_Init
    main.o(i.main) refers to stm32f1xx_hal_i2c.o(i.HAL_I2C_Init) for HAL_I2C_Init
    main.o(i.main) refers to thread.o(i.rt_thread_mdelay) for rt_thread_mdelay
    main.o(i.main) refers to kservice.o(i.rt_kprintf) for rt_kprintf
    main.o(i.main) refers to stm32f1xx_hal_gpio.o(i.HAL_GPIO_WritePin) for HAL_GPIO_WritePin
    main.o(i.main) refers to scs_thread.o(i.scs_thread_init) for scs_thread_init
    main.o(i.main) refers to main.o(.bss) for .bss
    main.o(i.set_dac1) refers to kservice.o(i.rt_kprintf) for rt_kprintf
    main.o(i.set_dac1) refers to dscalb.o(.text) for __ARM_scalbn
    main.o(i.set_dac1) refers to ddiv.o(.text) for __aeabi_ddiv
    main.o(i.set_dac1) refers to dfixui.o(.text) for __aeabi_d2uiz
    main.o(i.set_dac1) refers to stm32f1xx_hal_gpio.o(i.HAL_GPIO_WritePin) for HAL_GPIO_WritePin
    main.o(i.set_dac2) refers to kservice.o(i.rt_kprintf) for rt_kprintf
    main.o(i.set_dac2) refers to dscalb.o(.text) for __ARM_scalbn
    main.o(i.set_dac2) refers to ddiv.o(.text) for __aeabi_ddiv
    main.o(i.set_dac2) refers to dfixui.o(.text) for __aeabi_d2uiz
    main.o(i.set_dac2) refers to stm32f1xx_hal_gpio.o(i.HAL_GPIO_WritePin) for HAL_GPIO_WritePin
    main.o(i.set_mode) refers to kservice.o(i.rt_kprintf) for rt_kprintf
    main.o(i.set_out) refers to kservice.o(i.rt_kprintf) for rt_kprintf
    main.o(i.set_ploar) refers to kservice.o(i.rt_kprintf) for rt_kprintf
    main.o(FSymTab) refers to main.o(.rodata.name) for __fsym___cmd_set_ploar_name
    main.o(FSymTab) refers to main.o(.rodata.name) for __fsym___cmd_set_ploar_desc
    main.o(FSymTab) refers to main.o(i.set_ploar) for set_ploar
    main.o(FSymTab) refers to main.o(.rodata.name) for __fsym___cmd_set_mode_name
    main.o(FSymTab) refers to main.o(.rodata.name) for __fsym___cmd_set_mode_desc
    main.o(FSymTab) refers to main.o(i.set_mode) for set_mode
    main.o(FSymTab) refers to main.o(.rodata.name) for __fsym___cmd_set_out_name
    main.o(FSymTab) refers to main.o(.rodata.name) for __fsym___cmd_set_out_desc
    main.o(FSymTab) refers to main.o(i.set_out) for set_out
    main.o(FSymTab) refers to main.o(.rodata.name) for __fsym___cmd_set_dac1_name
    main.o(FSymTab) refers to main.o(.rodata.name) for __fsym___cmd_set_dac1_desc
    main.o(FSymTab) refers to main.o(i.set_dac1) for set_dac1
[...]
    mem_manage_fault_track                   0x080022c5   Thumb Code    98  cpuport.o(i.mem_manage_fault_track)
    i.msh_auto_complete                      0x0800239c   Section        0  msh.o(i.msh_auto_complete)
    i.msh_exec                               0x08002448   Section        0  msh.o(i.msh_exec)
    i.msh_help                               0x080024ac   Section        0  msh.o(i.msh_help)
    i.msh_is_used                            0x08002524   Section        0  msh.o(i.msh_is_used)
    i.msh_split                              0x08002528   Section        0  msh.o(i.msh_split)
    msh_split                                0x08002529   Thumb Code   172  msh.o(i.msh_split)
    i.object_split                           0x080025f8   Section        0  cmd.o(i.object_split)
    object_split                             0x080025f9   Thumb Code    18  cmd.o(i.object_split)
    i.plug_holes                             0x08002610   Section        0  mem.o(i.plug_holes)
    plug_holes                               0x08002611   Thumb Code    80  mem.o(i.plug_holes)
    i.print_number                           0x08002664   Section        0  kservice.o(i.print_number)
    print_number                             0x08002665   Thumb Code   300  kservice.o(i.print_number)
    i.rt_application_init                    0x08002794   Section        0  components.o(i.rt_application_init)
    i.rt_calloc                              0x080027c0   Section        0  mem.o(i.rt_calloc)
    i.rt_components_board_init               0x080027dc   Section        0  components.o(i.rt_components_board_init)
    i.rt_components_init                     0x080027f8   Section        0  components.o(i.rt_components_init)
    i.rt_enter_critical                      0x08002814   Section        0  scheduler.o(i.rt_enter_critical)
    i.rt_exit_critical                       0x08002830   Section        0  scheduler.o(i.rt_exit_critical)
    i.rt_free                                0x08002868   Section        0  mem.o(i.rt_free)
    i.rt_heap_begin_get                      0x0800292c   Section        0  board.o(i.rt_heap_begin_get)
    i.rt_heap_end_get                        0x08002934   Section        0  board.o(i.rt_heap_end_get)
    i.rt_hw_board_init                       0x0800293c   Section        0  board.o(i.rt_hw_board_init)
    i.rt_hw_console_getchar                  0x080029a4   Section        0  finsh_port.o(i.rt_hw_console_getchar)
    i.rt_hw_console_output                   0x080029d8   Section        0  board.o(i.rt_hw_console_output)
    i.rt_hw_hard_fault_exception             0x08002a20   Section        0  cpuport.o(i.rt_hw_hard_fault_exception)
    i.rt_hw_stack_init                       0x08002c1c   Section        0  cpuport.o(i.rt_hw_stack_init)
    i.rt_interrupt_enter                     0x08002c54   Section        0  irq.o(i.rt_interrupt_enter)
    i.rt_interrupt_leave                     0x08002c70   Section        0  irq.o(i.rt_interrupt_leave)
    i.rt_ipc_list_suspend                    0x08002c8c   Section        0  ipc.o(i.rt_ipc_list_suspend)
    rt_ipc_list_suspend                      0x08002c8d   Thumb Code    82  ipc.o(i.rt_ipc_list_suspend)
    i.rt_kprintf                             0x08002ce0   Section        0  kservice.o(i.rt_kprintf)
    i.rt_list_insert_after                   0x08002d00   Section        0  object.o(i.rt_list_insert_after)
    rt_list_insert_after                     0x08002d01   Thumb Code    14  object.o(i.rt_list_insert_after)
    i.rt_list_insert_after                   0x08002d0e   Section        0  thread.o(i.rt_list_insert_after)
    rt_list_insert_after                     0x08002d0f   Thumb Code    14  thread.o(i.rt_list_insert_after)
    i.rt_list_insert_after                   0x08002d1c   Section        0  timer.o(i.rt_list_insert_after)
    rt_list_insert_after                     0x08002d1d   Thumb Code    14  timer.o(i.rt_list_insert_after)
    i.rt_list_insert_before                  0x08002d2a   Section        0  ipc.o(i.rt_list_insert_before)
    rt_list_insert_before                    0x08002d2b   Thumb Code    14  ipc.o(i.rt_list_insert_before)
    i.rt_list_len                            0x08002d38   Section        0  cmd.o(i.rt_list_len)
    rt_list_len                              0x08002d39   Thumb Code    18  cmd.o(i.rt_list_len)
    i.rt_list_remove                         0x08002d4a   Section        0  object.o(i.rt_list_remove)
    rt_list_remove                           0x08002d4b   Thumb Code    18  object.o(i.rt_list_remove)
    i.rt_list_remove                         0x08002d5c   Section        0  thread.o(i.rt_list_remove)
    rt_list_remove                           0x08002d5d   Thumb Code    18  thread.o(i.rt_list_remove)
    i.rt_list_remove                         0x08002d6e   Section        0  timer.o(i.rt_list_remove)
    rt_list_remove                           0x08002d6f   Thumb Code    18  timer.o(i.rt_list_remove)
    i.rt_malloc                              0x08002d80   Section        0  mem.o(i.rt_malloc)
    i.rt_memmove                             0x08002e70   Section        0  kservice.o(i.rt_memmove)
    i.rt_memset                              0x08002ea4   Section        0  kservice.o(i.rt_memset)
    i.rt_object_allocate                     0x08002eea   Section        0  object.o(i.rt_object_allocate)
    i.rt_object_delete                       0x08002f3a   Section        0  object.o(i.rt_object_delete)
    i.rt_object_detach                       0x08002f60   Section        0  object.o(i.rt_object_detach)
    i.rt_object_get_information              0x08002f80   Section        0  object.o(i.rt_object_get_information)
    i.rt_object_init                         0x08002fa4   Section        0  object.o(i.rt_object_init)
    i.rt_object_is_systemobject              0x08002ff4   Section        0  object.o(i.rt_object_is_systemobject)
    i.rt_os_tick_callback                    0x08003002   Section        0  board.o(i.rt_os_tick_callback)
    i.rt_schedule                            0x08003014   Section        0  scheduler.o(i.rt_schedule)
    i.rt_schedule_insert_thread              0x0800306c   Section        0  scheduler.o(i.rt_schedule_insert_thread)
    i.rt_schedule_remove_thread              0x080030bc   Section        0  scheduler.o(i.rt_schedule_remove_thread)
    i.rt_sem_init                            0x08003104   Section        0  ipc.o(i.rt_sem_init)
    i.rt_sem_release                         0x08003128   Section        0  ipc.o(i.rt_sem_release)
    i.rt_sem_take                            0x08003172   Section        0  ipc.o(i.rt_sem_take)
    i.rt_show_version                        0x080031e0   Section        0  kservice.o(i.rt_show_version)
    i.rt_strlen                              0x08003290   Section        0  kservice.o(i.rt_strlen)
    i.rt_strncpy                             0x080032a0   Section        0  kservice.o(i.rt_strncpy)
    i.rt_system_heap_init                    0x080032c8   Section        0  mem.o(i.rt_system_heap_init)
    i.rt_system_scheduler_init               0x08003374   Section        0  scheduler.o(i.rt_system_scheduler_init)
    i.rt_system_scheduler_start              0x080033a8   Section        0  scheduler.o(i.rt_system_scheduler_start)
    i.rt_system_timer_init                   0x080033d0   Section        0  timer.o(i.rt_system_timer_init)
    i.rt_system_timer_thread_init            0x080033dc   Section        0  timer.o(i.rt_system_timer_thread_init)
    i.rt_thread_create                       0x080033de   Section        0  thread.o(i.rt_thread_create)
    i.rt_thread_exit                         0x08003428   Section        0  thread.o(i.rt_thread_exit)
    i.rt_thread_idle_entry                   0x08003484   Section        0  idle.o(i.rt_thread_idle_entry)
    rt_thread_idle_entry                     0x08003485   Thumb Code     6  idle.o(i.rt_thread_idle_entry)
    i.rt_thread_idle_excute                  0x0800348c   Section        0  idle.o(i.rt_thread_idle_excute)
    i.rt_thread_idle_init                    0x080034d8   Section        0  idle.o(i.rt_thread_idle_init)
    i.rt_thread_init                         0x08003510   Section        0  thread.o(i.rt_thread_init)
    i.rt_thread_mdelay                       0x08003540   Section        0  thread.o(i.rt_thread_mdelay)
    i.rt_thread_resume                       0x0800354e   Section        0  thread.o(i.rt_thread_resume)
    i.rt_thread_self                         0x0800358c   Section        0  thread.o(i.rt_thread_self)
    i.rt_thread_sleep                        0x08003598   Section        0  thread.o(i.rt_thread_sleep)
    i.rt_thread_startup                      0x080035d8   Section        0  thread.o(i.rt_thread_startup)
    i.rt_thread_suspend                      0x08003604   Section        0  thread.o(i.rt_thread_suspend)
    i.rt_thread_timeout                      0x08003646   Section        0  thread.o(i.rt_thread_timeout)
    i.rt_thread_yield                        0x08003668   Section        0  thread.o(i.rt_thread_yield)
    i.rt_tick_from_millisecond               0x080036c8   Section        0  clock.o(i.rt_tick_from_millisecond)
    i.rt_tick_get                            0x080036fc   Section        0  clock.o(i.rt_tick_get)
    i.rt_tick_increase                       0x08003708   Section        0  clock.o(i.rt_tick_increase)
    i.rt_timer_check                         0x08003734   Section        0  timer.o(i.rt_timer_check)
    i.rt_timer_control                       0x080037c0   Section        0  timer.o(i.rt_timer_control)
    i.rt_timer_detach                        0x08003808   Section        0  timer.o(i.rt_timer_detach)
    i.rt_timer_init                          0x08003830   Section        0  timer.o(i.rt_timer_init)
    i.rt_timer_start                         0x08003858   Section        0  timer.o(i.rt_timer_start)
    i.rt_timer_stop                          0x080038dc   Section        0  timer.o(i.rt_timer_stop)
    i.rt_vsnprintf                           0x0800390c   Section        0  kservice.o(i.rt_vsnprintf)
    i.rti_board_end                          0x08003b90   Section        0  components.o(i.rti_board_end)
    rti_board_end                            0x08003b91   Thumb Code     4  components.o(i.rti_board_end)
    i.rti_board_start                        0x08003b94   Section        0  components.o(i.rti_board_start)
    rti_board_start                          0x08003b95   Thumb Code     4  components.o(i.rti_board_start)
    i.rti_end                                0x08003b98   Section        0  components.o(i.rti_end)
    rti_end                                  0x08003b99   Thumb Code     4  components.o(i.rti_end)
    i.rti_start                              0x08003b9c   Section        0  components.o(i.rti_start)
    rti_start                                0x08003b9d   Thumb Code     4  components.o(i.rti_start)
    i.rtthread_startup                       0x08003ba0   Section        0  components.o(i.rtthread_startup)
    i.scs_thread_init                        0x08003bcc   Section        0  scs_thread.o(i.scs_thread_init)
    i.set_dac1                               0x08003c08   Section        0  main.o(i.set_dac1)
    set_dac1                                 0x08003c09   Thumb Code   154  main.o(i.set_dac1)
    i.set_dac2                               0x08003cc8   Section        0  main.o(i.set_dac2)
    set_dac2                                 0x08003cc9   Thumb Code   154  main.o(i.set_dac2)
    i.set_mode                               0x08003d88   Section        0  main.o(i.set_mode)
    set_mode                                 0x08003d89   Thumb Code    12  main.o(i.set_mode)
    i.set_out                                0x08003dac   Section        0  main.o(i.set_out)
    set_out                                  0x08003dad   Thumb Code    12  main.o(i.set_out)
    i.set_ploar                              0x08003dd0   Section        0  main.o(i.set_ploar)
    set_ploar                                0x08003dd1   Thumb Code    52  main.o(i.set_ploar)
    i.show_wait_queue                        0x08003e4c   Section        0  cmd.o(i.show_wait_queue)
    show_wait_queue                          0x08003e4d   Thumb Code    38  cmd.o(i.show_wait_queue)
    i.skip_atoi                              0x08003e7c   Section        0  kservice.o(i.skip_atoi)
    skip_atoi                                0x08003e7d   Thumb Code    40  kservice.o(i.skip_atoi)
    i.uart_init                              0x08003ea4   Section        0  board.o(i.uart_init)
    uart_init                                0x08003ea5   Thumb Code    10  board.o(i.uart_init)
    i.usage_fault_track                      0x08003eb0   Section        0  cpuport.o(i.usage_fault_track)
    usage_fault_track                        0x08003eb1   Thumb Code   100  cpuport.o(i.usage_fault_track)
    i.version                                0x08003f80   Section        0  cmd.o(i.version)
    .constdata                               0x08003f8a   Section       16  system_stm32f1xx.o(.constdata)
    .constdata                               0x08003f9a   Section        8  system_stm32f1xx.o(.constdata)
    .constdata                               0x08003fa2   Section      290  kservice.o(.constdata)
    small_digits                             0x080040a2   Data          17  kservice.o(.constdata)
    large_digits                             0x080040b3   Data          17  kservice.o(.constdata)
    .conststring                             0x080040c4   Section       68  cmd.o(.conststring)
    .rodata.name                             0x08004108   Section       16  main.o(.rodata.name)
    .rodata.name                             0x08004118   Section       19  main.o(.rodata.name)
    .rodata.name                             0x0800412b   Section       15  main.o(.rodata.name)
    .rodata.name                             0x0800413a   Section       18  main.o(.rodata.name)
    .rodata.name                             0x0800414c   Section       14  main.o(.rodata.name)
    .rodata.name                             0x0800415a   Section       31  main.o(.rodata.name)
    .rodata.name                             0x08004179   Section       15  main.o(.rodata.name)
    .rodata.name                             0x08004188   Section       27  main.o(.rodata.name)
    .rodata.name                             0x080041a3   Section       15  main.o(.rodata.name)
    .rodata.name                             0x080041b2   Section       27  main.o(.rodata.name)
    .rodata.name                             0x080041cd   Section        9  mem.o(.rodata.name)
    .rodata.name                             0x080041d6   Section       30  mem.o(.rodata.name)
    .rodata.name                             0x080041f4   Section        6  cmd.o(.rodata.name)
    .rodata.name                             0x080041fa   Section       16  cmd.o(.rodata.name)
    .rodata.name                             0x0800420a   Section        8  cmd.o(.rodata.name)
    .rodata.name                             0x08004212   Section       35  cmd.o(.rodata.name)
    .rodata.name                             0x08004235   Section       14  cmd.o(.rodata.name)
    .rodata.name                             0x08004243   Section       35  cmd.o(.rodata.name)
    .rodata.name                             0x08004266   Section       12  cmd.o(.rodata.name)
    .rodata.name                             0x08004272   Section       12  cmd.o(.rodata.name)
    .rodata.name                             0x0800427e   Section       18  cmd.o(.rodata.name)
    .rodata.name                             0x08004290   Section       12  cmd.o(.rodata.name)
    .rodata.name                             0x0800429c   Section        9  cmd.o(.rodata.name)
    .rodata.name                             0x080042a5   Section       25  cmd.o(.rodata.name)
    .rodata.name                             0x080042be   Section       15  cmd.o(.rodata.name)
    .rodata.name                             0x080042cd   Section       25  cmd.o(.rodata.name)
    .rodata.name                             0x080042e6   Section       13  cmd.o(.rodata.name)
    .rodata.name                             0x080042f3   Section       24  cmd.o(.rodata.name)
    .rodata.name                             0x0800430b   Section       19  cmd.o(.rodata.name)
    .rodata.name                             0x0800431e   Section       24  cmd.o(.rodata.name)
    .rodata.name                             0x08004336   Section       11  cmd.o(.rodata.name)
    .rodata.name                             0x08004341   Section       21  cmd.o(.rodata.name)
    .rodata.name                             0x08004356   Section       17  cmd.o(.rodata.name)
    .rodata.name                             0x08004367   Section       21  cmd.o(.rodata.name)
    .rodata.name                             0x0800437c   Section        5  cmd.o(.rodata.name)
    .rodata.name                             0x08004381   Section       26  cmd.o(.rodata.name)
    .rodata.name                             0x0800439b   Section       11  msh.o(.rodata.name)
    .rodata.name                             0x080043a6   Section       22  msh.o(.rodata.name)
    .rodata.name                             0x080043bc   Section        9  msh.o(.rodata.name)
    .rodata.name                             0x080043c5   Section       28  msh.o(.rodata.name)
    .rodata.name                             0x080043e1   Section       11  msh.o(.rodata.name)
    .rodata.name                             0x080043ec   Section       37  msh.o(.rodata.name)
    .rti_fn.0                                0x08004414   Section        4  components.o(.rti_fn.0)
    __tagsym$$used                           0x08004414   Number         0  components.o(.rti_fn.0)
    .rti_fn.0.end                            0x08004418   Section        4  components.o(.rti_fn.0.end)
    __tagsym$$used                           0x08004418   Number         0  components.o(.rti_fn.0.end)
    .rti_fn.1                                0x0800441c   Section        4  board.o(.rti_fn.1)
    __tagsym$$used                           0x0800441c   Number         0  board.o(.rti_fn.1)
    .rti_fn.1.end                            0x08004420   Section        4  components.o(.rti_fn.1.end)
    __tagsym$$used                           0x08004420   Number         0  components.o(.rti_fn.1.end)
    .rti_fn.6                                0x08004424   Section        4  shell.o(.rti_fn.6)
    __tagsym$$used                           0x08004424   Number         0  shell.o(.rti_fn.6)
    .rti_fn.6.end                            0x08004428   Section        4  components.o(.rti_fn.6.end)
    __tagsym$$used                           0x08004428   Number         0  components.o(.rti_fn.6.end)
    FSymTab                                  0x0800442c   Section       60  main.o(FSymTab)
    __tagsym$$used                           0x0800442c   Number         0  main.o(FSymTab)
    __tagsym$$used                           0x08004438   Number         0  main.o(FSymTab)
    __tagsym$$used                           0x08004444   Number         0  main.o(FSymTab)
    __tagsym$$used                           0x08004450   Number         0  main.o(FSymTab)
    __tagsym$$used                           0x0800445c   Number         0  main.o(FSymTab)
    FSymTab                                  0x08004468   Section       12  mem.o(FSymTab)
    __tagsym$$used                           0x08004468   Number         0  mem.o(FSymTab)
    FSymTab                                  0x08004474   Section      144  cmd.o(FSymTab)
    __tagsym$$used                           0x08004474   Number         0  cmd.o(FSymTab)
    __tagsym$$used                           0x08004480   Number         0  cmd.o(FSymTab)
    __tagsym$$used                           0x0800448c   Number         0  cmd.o(FSymTab)
    __tagsym$$used                           0x08004498   Number         0  cmd.o(FSymTab)
    __tagsym$$used                           0x080044a4   Number         0  cmd.o(FSymTab)
    __tagsym$$used                           0x080044b0   Number         0  cmd.o(FSymTab)
    __tagsym$$used                           0x080044bc   Number         0  cmd.o(FSymTab)
    __tagsym$$used                           0x080044c8   Number         0  cmd.o(FSymTab)
    __tagsym$$used                           0x080044d4   Number         0  cmd.o(FSymTab)
    __tagsym$$used                           0x080044e0   Number         0  cmd.o(FSymTab)
    __tagsym$$used                           0x080044ec   Number         0  cmd.o(FSymTab)
    __tagsym$$used                           0x080044f8   Number         0  cmd.o(FSymTab)
    FSymTab                                  0x08004504   Section       36  msh.o(FSymTab)
    __tagsym$$used                           0x08004504   Number         0  msh.o(FSymTab)
    __tagsym$$used                           0x08004510   Number         0  msh.o(FSymTab)
    __tagsym$$used                           0x0800451c   Number         0  msh.o(FSymTab)
    .data                                    0x20000000   Section       12  stm32f1xx_hal.o(.data)
    .data                                    0x2000000c   Section        4  system_stm32f1xx.o(.data)
    .data                                    0x20000010   Section        4  clock.o(.data)
    rt_tick                                  0x20000010   Data           4  clock.o(.data)
    .data                                    0x20000014   Section        4  cpuport.o(.data)
    rt_exception_hook                        0x20000014   Data           4  cpuport.o(.data)
    .data                                    0x20000018   Section        4  cpuport.o(.data)
    .data                                    0x2000001c   Section        4  cpuport.o(.data)
    .data                                    0x20000020   Section        4  cpuport.o(.data)
    .data                                    0x20000024   Section        1  irq.o(.data)
    .data                                    0x20000028   Section       24  mem.o(.data)
    heap_ptr                                 0x20000028   Data           4  mem.o(.data)
    heap_end                                 0x2000002c   Data           4  mem.o(.data)
    lfree                                    0x20000030   Data           4  mem.o(.data)
    mem_size_aligned                         0x20000034   Data           4  mem.o(.data)
    used_mem                                 0x20000038   Data           4  mem.o(.data)
    max_mem                                  0x2000003c   Data           4  mem.o(.data)
    .data                                    0x20000040   Section       64  object.o(.data)
    rt_object_container                      0x20000040   Data          64  object.o(.data)
    .data                                    0x20000080   Section       20  scheduler.o(.data)
    rt_scheduler_lock_nest                   0x20000082   Data           2  scheduler.o(.data)
    .data                                    0x20000094   Section       12  timer.o(.data)
    random_nr                                0x20000094   Data           4  timer.o(.data)
    rt_timer_list                            0x20000098   Data           8  timer.o(.data)
    .data                                    0x200000a0   Section       24  shell.o(.data)
    finsh_prompt_custom                      0x200000b0   Data           4  shell.o(.data)
    .bss                                     0x200000b8   Section      152  main.o(.bss)
    .bss                                     0x20000150   Section      632  scs_thread.o(.bss)
    led_thread                               0x20000150   Data         120  scs_thread.o(.bss)
    led_thread_stack                         0x200001c8   Data         512  scs_thread.o(.bss)
    .bss                                     0x200003c8   Section     4096  board.o(.bss)
    rt_heap                                  0x200003c8   Data        4096  board.o(.bss)
    .bss                                     0x200013c8   Section      376  idle.o(.bss)
    idle                                     0x200013c8   Data         120  idle.o(.bss)
    rt_thread_stack                          0x20001440   Data         256  idle.o(.bss)
    .bss                                     0x20001540   Section      256  kservice.o(.bss)
    rt_log_buf                               0x20001540   Data         256  kservice.o(.bss)
    .bss                                     0x20001640   Section       32  mem.o(.bss)
    heap_sem                                 0x20001640   Data          32  mem.o(.bss)
    .bss                                     0x20001660   Section      256  scheduler.o(.bss)
    .bss                                     0x20001760   Section      257  shell.o(.bss)
    finsh_prompt                             0x20001760   Data         257  shell.o(.bss)
    STACK                                    0x20001868   Section     2048  startup_stm32f103xe.o(STACK)

    Global Symbols

    Symbol Name                              Value     Ov Type        Size  Object(Section)

    BuildAttributes$$THM_ISAv4$P$D$K$B$S$PE$A:L22UL41UL21$X:L11$S22US41US21$IEEE1$IW$USESV6$~STKCKD$USESV7$~SHL$OSPACE$ROPI$EBA8$MICROLIB$REQ8$PRES8$EABIv2 0x00000000   Number         0  anon$$obj.o ABSOLUTE
    __ARM_use_no_argv                        0x00000000   Number         0  main.o ABSOLUTE
    __cpp_initialize__aeabi_                  - Undefined Weak Reference
    __cxa_finalize                            - Undefined Weak Reference
    __decompress                              - Undefined Weak Reference
    _clock_init                               - Undefined Weak Reference
    _microlib_exit                            - Undefined Weak Reference
    __Vectors_Size                           0x00000130   Number         0  startup_stm32f103xe.o ABSOLUTE
    __Vectors                                0x08000000   Data           4  startup_stm32f103xe.o(RESET)
    __Vectors_End                            0x08000130   Data           0  startup_stm32f103xe.o(RESET)
    __main                                   0x08000131   Thumb Code     0  entry.o(.ARM.Collect$$$$00000000)
    _main_stk                                0x08000131   Thumb Code     0  entry2.o(.ARM.Collect$$$$00000001)
    _main_scatterload                        0x08000135   Thumb Code     0  entry5.o(.ARM.Collect$$$$00000004)
    __main_after_scatterload                 0x08000139   Thumb Code     0  entry5.o(.ARM.Collect$$$$00000004)
    _main_clock                              0x08000139   Thumb Code     0  entry7b.o(.ARM.Collect$$$$00000008)
    _main_cpp_init                           0x08000139   Thumb Code     0  entry8b.o(.ARM.Collect$$$$0000000A)
    _main_init                               0x08000139   Thumb Code     0  entry9a.o(.ARM.Collect$$$$0000000B)
    __rt_final_cpp                           0x08000141   Thumb Code     0  entry10a.o(.ARM.Collect$$$$0000000D)
    __rt_final_exit                          0x08000141   Thumb Code     0  entry11a.o(.ARM.Collect$$$$0000000F)
    Reset_Handler                            0x08000145   Thumb Code     8  startup_stm32f103xe.o(.text)
    ADC1_2_IRQHandler                        0x0800015f   Thumb Code     0  startup_stm32f103xe.o(.text)
    ADC3_IRQHandler                          0x0800015f   Thumb Code     0  startup_stm32f103xe.o(.text)
    CAN1_RX1_IRQHandler                      0x0800015f   Thumb Code     0  startup_stm32f103xe.o(.text)
    CAN1_SCE_IRQHandler                      0x0800015f   Thumb Code     0  startup_stm32f103xe.o(.text)
    DMA1_Channel1_IRQHandler                 0x0800015f   Thumb Code     0  startup_stm32f103xe.o(.text)
    DMA1_Channel2_IRQHandler                 0x0800015f   Thumb Code     0  startup_stm32f103xe.o(.text)
    DMA1_Channel3_IRQHandler                 0x0800015f   Thumb Code     0  startup_stm32f103xe.o(.text)
    DMA1_Channel4_IRQHandler                 0x0800015f   Thumb Code     0  startup_stm32f103xe.o(.text)
    DMA1_Channel5_IRQHandler                 0x0800015f   Thumb Code     0  startup_stm32f103xe.o(.text)
    DMA1_Channel6_IRQHandler                 0x0800015f   Thumb Code     0  startup_stm32f103xe.o(.text)
    DMA1_Channel7_IRQHandler                 0x0800015f   Thumb Code     0  startup_stm32f103xe.o(.text)
    DMA2_Channel1_IRQHandler                 0x0800015f   Thumb Code     0  startup_stm32f103xe.o(.text)
    DMA2_Channel2_IRQHandler                 0x0800015f   Thumb Code     0  startup_stm32f103xe.o(.text)
    DMA2_Channel3_IRQHandler                 0x0800015f   Thumb Code     0  startup_stm32f103xe.o(.text)
    DMA2_Channel4_5_IRQHandler               0x0800015f   Thumb Code     0  startup_stm32f103xe.o(.text)
    EXTI0_IRQHandler                         0x0800015f   Thumb Code     0  startup_stm32f103xe.o(.text)
    EXTI15_10_IRQHandler                     0x0800015f   Thumb Code     0  startup_stm32f103xe.o(.text)
    EXTI1_IRQHandler                         0x0800015f   Thumb Code     0  startup_stm32f103xe.o(.text)
    EXTI2_IRQHandler                         0x0800015f   Thumb Code     0  startup_stm32f103xe.o(.text)
    EXTI3_IRQHandler                         0x0800015f   Thumb Code     0  startup_stm32f103xe.o(.text)
    EXTI4_IRQHandler                         0x0800015f   Thumb Code     0  startup_stm32f103xe.o(.text)
    EXTI9_5_IRQHandler                       0x0800015f   Thumb Code     0  startup_stm32f103xe.o(.text)
    FLASH_IRQHandler                         0x0800015f   Thumb Code     0  startup_stm32f103xe.o(.text)
    FSMC_IRQHandler                          0x0800015f   Thumb Code     0  startup_stm32f103xe.o(.text)
    I2C1_ER_IRQHandler                       0x0800015f   Thumb Code     0  startup_stm32f103xe.o(.text)
    I2C1_EV_IRQHandler                       0x0800015f   Thumb Code     0  startup_stm32f103xe.o(.text)
    I2C2_ER_IRQHandler                       0x0800015f   Thumb Code     0  startup_stm32f103xe.o(.text)
    I2C2_EV_IRQHandler                       0x0800015f   Thumb Code     0  startup_stm32f103xe.o(.text)
    PVD_IRQHandler                           0x0800015f   Thumb Code     0  startup_stm32f103xe.o(.text)
    RCC_IRQHandler                           0x0800015f   Thumb Code     0  startup_stm32f103xe.o(.text)
    RTC_Alarm_IRQHandler                     0x0800015f   Thumb Code     0  startup_stm32f103xe.o(.text)
    RTC_IRQHandler                           0x0800015f   Thumb Code     0  startup_stm32f103xe.o(.text)
    SDIO_IRQHandler                          0x0800015f   Thumb Code     0  startup_stm32f103xe.o(.text)
    SPI1_IRQHandler                          0x0800015f   Thumb Code     0  startup_stm32f103xe.o(.text)
    SPI2_IRQHandler                          0x0800015f   Thumb Code     0  startup_stm32f103xe.o(.text)
    SPI3_IRQHandler                          0x0800015f   Thumb Code     0  startup_stm32f103xe.o(.text)
    TAMPER_IRQHandler                        0x0800015f   Thumb Code     0  startup_stm32f103xe.o(.text)
    TIM1_BRK_IRQHandler                      0x0800015f   Thumb Code     0  startup_stm32f103xe.o(.text)
    TIM1_CC_IRQHandler                       0x0800015f   Thumb Code     0  startup_stm32f103xe.o(.text)
    TIM1_TRG_COM_IRQHandler                  0x0800015f   Thumb Code     0  startup_stm32f103xe.o(.text)
    TIM1_UP_IRQHandler                       0x0800015f   Thumb Code     0  startup_stm32f103xe.o(.text)
    TIM2_IRQHandler                          0x0800015f   Thumb Code     0  startup_stm32f103xe.o(.text)
    TIM3_IRQHandler                          0x0800015f   Thumb Code     0  startup_stm32f103xe.o(.text)
    TIM4_IRQHandler                          0x0800015f   Thumb Code     0  startup_stm32f103xe.o(.text)
    TIM5_IRQHandler                          0x0800015f   Thumb Code     0  startup_stm32f103xe.o(.text)
    TIM6_IRQHandler                          0x0800015f   Thumb Code     0  startup_stm32f103xe.o(.text)
    TIM7_IRQHandler                          0x0800015f   Thumb Code     0  startup_stm32f103xe.o(.text)
    TIM8_BRK_IRQHandler                      0x0800015f   Thumb Code     0  startup_stm32f103xe.o(.text)
    TIM8_CC_IRQHandler                       0x0800015f   Thumb Code     0  startup_stm32f103xe.o(.text)
    TIM8_TRG_COM_IRQHandler                  0x0800015f   Thumb Code     0  startup_stm32f103xe.o(.text)
    TIM8_UP_IRQHandler                       0x0800015f   Thumb Code     0  startup_stm32f103xe.o(.text)
    UART4_IRQHandler                         0x0800015f   Thumb Code     0  startup_stm32f103xe.o(.text)
    UART5_IRQHandler                         0x0800015f   Thumb Code     0  startup_stm32f103xe.o(.text)
    USART1_IRQHandler                        0x0800015f   Thumb Code     0  startup_stm32f103xe.o(.text)
    USART2_IRQHandler                        0x0800015f   Thumb Code     0  startup_stm32f103xe.o(.text)
    USART3_IRQHandler                        0x0800015f   Thumb Code     0  startup_stm32f103xe.o(.text)
    USBWakeUp_IRQHandler                     0x0800015f   Thumb Code     0  startup_stm32f103xe.o(.text)
    USB_HP_CAN1_TX_IRQHandler                0x0800015f   Thumb Code     0  startup_stm32f103xe.o(.text)
    USB_LP_CAN1_RX0_IRQHandler               0x0800015f   Thumb Code     0  startup_stm32f103xe.o(.text)
    WWDG_IRQHandler                          0x0800015f   Thumb Code     0  startup_stm32f103xe.o(.text)
    rt_hw_interrupt_disable                  0x08000169   Thumb Code     8  context_rvds.o(.text)
    rt_hw_interrupt_enable                   0x08000171   Thumb Code     6  context_rvds.o(.text)
    rt_hw_context_switch                     0x08000177   Thumb Code    32  context_rvds.o(.text)
    rt_hw_context_switch_interrupt           0x08000177   Thumb Code     0  context_rvds.o(.text)
    PendSV_Handler                           0x08000197   Thumb Code    60  context_rvds.o(.text)
    rt_hw_context_switch_to                  0x080001d3   Thumb Code    56  context_rvds.o(.text)
    rt_hw_interrupt_thread_switch            0x0800020b   Thumb Code     2  context_rvds.o(.text)
    HardFault_Handler                        0x0800020d   Thumb Code    52  context_rvds.o(.text)
    __aeabi_llsr                             0x0800025d   Thumb Code    32  llushr.o(.text)
    _ll_ushift_r                             0x0800025d   Thumb Code     0  llushr.o(.text)
    __aeabi_memcpy                           0x0800027d   Thumb Code    36  memcpya.o(.text)
    __aeabi_memcpy4                          0x0800027d   Thumb Code     0  memcpya.o(.text)
    __aeabi_memcpy8                          0x0800027d   Thumb Code     0  memcpya.o(.text)
    __aeabi_memset                           0x080002a1   Thumb Code    14  memseta.o(.text)
    __aeabi_memset4                          0x080002a1   Thumb Code     0  memseta.o(.text)
    __aeabi_memset8                          0x080002a1   Thumb Code     0  memseta.o(.text)
    __aeabi_memclr                           0x080002af   Thumb Code     4  memseta.o(.text)
    __aeabi_memclr4                          0x080002af   Thumb Code     0  memseta.o(.text)
    __aeabi_memclr8                          0x080002af   Thumb Code     0  memseta.o(.text)
    _memset$wrapper                          0x080002b3   Thumb Code    18  memseta.o(.text)
    strcat                                   0x080002c5   Thumb Code    24  strcat.o(.text)
    strncpy                                  0x080002dd   Thumb Code    24  strncpy.o(.text)
    strlen                                   0x080002f5   Thumb Code    14  strlen.o(.text)
    strcpy                                   0x08000303   Thumb Code    18  strcpy.o(.text)
    strncmp                                  0x08000315   Thumb Code    30  strncmp.o(.text)
    __aeabi_ddiv                             0x08000333   Thumb Code   222  ddiv.o(.text)
    __ARM_scalbn                             0x08000411   Thumb Code    46  dscalb.o(.text)
    scalbn                                   0x08000411   Thumb Code     0  dscalb.o(.text)
    __aeabi_d2uiz                            0x0800043f   Thumb Code    50  dfixui.o(.text)
    __I$use$fp                               0x08000471   Thumb Code     0  iusefp.o(.text)
    _double_round                            0x08000471   Thumb Code    30  depilogue.o(.text)
    _double_epilogue                         0x0800048f   Thumb Code   156  depilogue.o(.text)
    __scatterload                            0x0800052d   Thumb Code    28  init.o(.text)
    __scatterload_rt2                        0x0800052d   Thumb Code     0  init.o(.text)
    __aeabi_llsl                             0x08000551   Thumb Code    30  llshl.o(.text)
    _ll_shift_l                              0x08000551   Thumb Code     0  llshl.o(.text)
    main                                     0x0800056f   Thumb Code    10  components.o(i.$Sub$$main)
    BusFault_Handler                         0x08000579   Thumb Code     2  stm32f1xx_it.o(i.BusFault_Handler)
    DebugMon_Handler                         0x0800057b   Thumb Code     2  stm32f1xx_it.o(i.DebugMon_Handler)
    HAL_GPIO_Init                            0x0800057d   Thumb Code   462  stm32f1xx_hal_gpio.o(i.HAL_GPIO_Init)
    HAL_GPIO_WritePin                        0x08000775   Thumb Code    10  stm32f1xx_hal_gpio.o(i.HAL_GPIO_WritePin)
    HAL_GetTick                              0x08000781   Thumb Code     6  stm32f1xx_hal.o(i.HAL_GetTick)
    HAL_I2C_Init                             0x0800078d   Thumb Code   376  stm32f1xx_hal_i2c.o(i.HAL_I2C_Init)
    HAL_I2C_MspInit                          0x08000915   Thumb Code    82  stm32f1xx_hal_msp.o(i.HAL_I2C_MspInit)
    HAL_Init                                 0x08000975   Thumb Code    32  stm32f1xx_hal.o(i.HAL_Init)
    HAL_InitTick                             0x08000999   Thumb Code    54  stm32f1xx_hal.o(i.HAL_InitTick)
    HAL_MspInit                              0x080009d9   Thumb Code    52  stm32f1xx_hal_msp.o(i.HAL_MspInit)
    HAL_NVIC_SetPriority                     0x08000a15   Thumb Code    60  stm32f1xx_hal_cortex.o(i.HAL_NVIC_SetPriority)
    HAL_NVIC_SetPriorityGrouping             0x08000a55   Thumb Code    26  stm32f1xx_hal_cortex.o(i.HAL_NVIC_SetPriorityGrouping)
    HAL_RCC_ClockConfig                      0x08000a79   Thumb Code   280  stm32f1xx_hal_rcc.o(i.HAL_RCC_ClockConfig)
    HAL_RCC_GetPCLK1Freq                     0x08000ba5   Thumb Code    20  stm32f1xx_hal_rcc.o(i.HAL_RCC_GetPCLK1Freq)
    HAL_RCC_GetPCLK2Freq                     0x08000bc5   Thumb Code    20  stm32f1xx_hal_rcc.o(i.HAL_RCC_GetPCLK2Freq)
    HAL_RCC_GetSysClockFreq                  0x08000be5   Thumb Code    74  stm32f1xx_hal_rcc.o(i.HAL_RCC_GetSysClockFreq)
    HAL_RCC_OscConfig                        0x08000c51   Thumb Code   778  stm32f1xx_hal_rcc.o(i.HAL_RCC_OscConfig)
    HAL_SYSTICK_Config                       0x08000f71   Thumb Code    40  stm32f1xx_hal_cortex.o(i.HAL_SYSTICK_Config)
    HAL_UART_Init                            0x08000f99   Thumb Code    98  stm32f1xx_hal_uart.o(i.HAL_UART_Init)
    HAL_UART_MspInit                         0x08000ffd   Thumb Code   100  stm32f1xx_hal_msp.o(i.HAL_UART_MspInit)
    HAL_UART_Transmit                        0x0800106d   Thumb Code   178  stm32f1xx_hal_uart.o(i.HAL_UART_Transmit)
    MX_USART1_UART_Init                      0x080011f5   Thumb Code    44  main.o(i.MX_USART1_UART_Init)
    MemManage_Handler                        0x08001229   Thumb Code     2  stm32f1xx_it.o(i.MemManage_Handler)
    NMI_Handler                              0x0800122b   Thumb Code     2  stm32f1xx_it.o(i.NMI_Handler)
    SVC_Handler                              0x0800122d   Thumb Code     2  stm32f1xx_it.o(i.SVC_Handler)
    SysTick_Handler                          0x0800122f   Thumb Code     4  board.o(i.SysTick_Handler)
    SystemClock_Config                       0x08001233   Thumb Code    94  main.o(i.SystemClock_Config)
    SystemCoreClockUpdate                    0x08001291   Thumb Code    82  system_stm32f1xx.o(i.SystemCoreClockUpdate)
    SystemInit                               0x080012f9   Thumb Code     2  system_stm32f1xx.o(i.SystemInit)
    UsageFault_Handler                       0x08001419   Thumb Code     2  stm32f1xx_it.o(i.UsageFault_Handler)
    __rt_ffs                                 0x0800143d   Thumb Code    62  kservice.o(i.__rt_ffs)
    __scatterload_copy                       0x08001481   Thumb Code    14  handlers.o(i.__scatterload_copy)
    __scatterload_null                       0x0800148f   Thumb Code     2  handlers.o(i.__scatterload_null)
    __scatterload_zeroinit                   0x08001491   Thumb Code    14  handlers.o(i.__scatterload_zeroinit)
    cmd_free                                 0x080016e5   Thumb Code    10  msh.o(i.cmd_free)
    cmd_ps                                   0x080016ef   Thumb Code    10  msh.o(i.cmd_ps)
    finsh_get_prompt                         0x080016f9   Thumb Code    68  shell.o(i.finsh_get_prompt)
    finsh_set_prompt_mode                    0x08001759   Thumb Code    16  shell.o(i.finsh_set_prompt_mode)
    finsh_system_function_init               0x0800176d   Thumb Code     8  shell.o(i.finsh_system_function_init)
    finsh_system_init                        0x08001779   Thumb Code    90  shell.o(i.finsh_system_init)
    finsh_thread_entry                       0x0800180d   Thumb Code   612  shell.o(i.finsh_thread_entry)
    hello                                    0x08001b11   Thumb Code    12  cmd.o(i.hello)
    led_thread_entry                         0x08001b31   Thumb Code    40  scs_thread.o(i.led_thread_entry)
    list                                     0x08001b5d   Thumb Code    50  cmd.o(i.list)
    list_mailbox                             0x08001c4d   Thumb Code   200  cmd.o(i.list_mailbox)
    list_mem                                 0x08001d91   Thumb Code    32  mem.o(i.list_mem)
    list_sem                                 0x08001dfd   Thumb Code   188  cmd.o(i.list_sem)
    list_thread                              0x08001f19   Thumb Code   250  cmd.o(i.list_thread)
    list_timer                               0x080020d1   Thumb Code   160  cmd.o(i.list_timer)
    $Super$$main                             0x08002211   Thumb Code   114  main.o(i.main)
    main_thread_entry                        0x080022b5   Thumb Code    14  components.o(i.main_thread_entry)
    msh_auto_complete                        0x0800239d   Thumb Code   150  msh.o(i.msh_auto_complete)
    msh_exec                                 0x08002449   Thumb Code    74  msh.o(i.msh_exec)
    msh_help                                 0x080024ad   Thumb Code    58  msh.o(i.msh_help)
    msh_is_used                              0x08002525   Thumb Code     4  msh.o(i.msh_is_used)
    rt_application_init                      0x08002795   Thumb Code    32  components.o(i.rt_application_init)
    rt_calloc                                0x080027c1   Thumb Code    26  mem.o(i.rt_calloc)
    rt_components_board_init                 0x080027dd   Thumb Code    20  components.o(i.rt_components_board_init)
    rt_components_init                       0x080027f9   Thumb Code    20  components.o(i.rt_components_init)
    rt_enter_critical                        0x08002815   Thumb Code    22  scheduler.o(i.rt_enter_critical)
    rt_exit_critical                         0x08002831   Thumb Code    52  scheduler.o(i.rt_exit_critical)
    rt_free                                  0x08002869   Thumb Code   112  mem.o(i.rt_free)
    rt_heap_begin_get                        0x0800292d   Thumb Code     4  board.o(i.rt_heap_begin_get)
    rt_heap_end_get                          0x08002935   Thumb Code     4  board.o(i.rt_heap_end_get)
    rt_hw_board_init                         0x0800293d   Thumb Code    90  board.o(i.rt_hw_board_init)
    rt_hw_console_getchar                    0x080029a5   Thumb Code    48  finsh_port.o(i.rt_hw_console_getchar)
    rt_hw_console_output                     0x080029d9   Thumb Code    66  board.o(i.rt_hw_console_output)
    rt_hw_hard_fault_exception               0x08002a21   Thumb Code   186  cpuport.o(i.rt_hw_hard_fault_exception)
    rt_hw_stack_init                         0x08002c1d   Thumb Code    52  cpuport.o(i.rt_hw_stack_init)
    rt_interrupt_enter                       0x08002c55   Thumb Code    22  irq.o(i.rt_interrupt_enter)
    rt_interrupt_leave                       0x08002c71   Thumb Code    22  irq.o(i.rt_interrupt_leave)
    rt_kprintf                               0x08002ce1   Thumb Code    28  kservice.o(i.rt_kprintf)
    rt_malloc                                0x08002d81   Thumb Code   232  mem.o(i.rt_malloc)
    rt_memmove                               0x08002e71   Thumb Code    50  kservice.o(i.rt_memmove)
    rt_memset                                0x08002ea5   Thumb Code    70  kservice.o(i.rt_memset)
    rt_object_allocate                       0x08002eeb   Thumb Code    80  object.o(i.rt_object_allocate)
    rt_object_delete                         0x08002f3b   Thumb Code    38  object.o(i.rt_object_delete)
    rt_object_detach                         0x08002f61   Thumb Code    32  object.o(i.rt_object_detach)
    rt_object_get_information                0x08002f81   Thumb Code    30  object.o(i.rt_object_get_information)
    rt_object_init                           0x08002fa5   Thumb Code    80  object.o(i.rt_object_init)
    rt_object_is_systemobject                0x08002ff5   Thumb Code    14  object.o(i.rt_object_is_systemobject)
    rt_os_tick_callback                      0x08003003   Thumb Code    18  board.o(i.rt_os_tick_callback)
    rt_schedule                              0x08003015   Thumb Code    76  scheduler.o(i.rt_schedule)
    rt_schedule_insert_thread                0x0800306d   Thumb Code    70  scheduler.o(i.rt_schedule_insert_thread)
    rt_schedule_remove_thread                0x080030bd   Thumb Code    64  scheduler.o(i.rt_schedule_remove_thread)
    rt_sem_init                              0x08003105   Thumb Code    36  ipc.o(i.rt_sem_init)
    rt_sem_release                           0x08003129   Thumb Code    74  ipc.o(i.rt_sem_release)
    rt_sem_take                              0x08003173   Thumb Code   110  ipc.o(i.rt_sem_take)
    rt_show_version                          0x080031e1   Thumb Code    40  kservice.o(i.rt_show_version)
    rt_strlen                                0x08003291   Thumb Code    16  kservice.o(i.rt_strlen)
    rt_strncpy                               0x080032a1   Thumb Code    38  kservice.o(i.rt_strncpy)
    rt_system_heap_init                      0x080032c9   Thumb Code    96  mem.o(i.rt_system_heap_init)
    rt_system_scheduler_init                 0x08003375   Thumb Code    44  scheduler.o(i.rt_system_scheduler_init)
    rt_system_scheduler_start                0x080033a9   Thumb Code    32  scheduler.o(i.rt_system_scheduler_start)
    rt_system_timer_init                     0x080033d1   Thumb Code     8  timer.o(i.rt_system_timer_init)
    rt_system_timer_thread_init              0x080033dd   Thumb Code     2  timer.o(i.rt_system_timer_thread_init)
    rt_thread_create                         0x080033df   Thumb Code    72  thread.o(i.rt_thread_create)
    rt_thread_exit                           0x08003429   Thumb Code    82  thread.o(i.rt_thread_exit)
    rt_thread_idle_excute                    0x0800348d   Thumb Code    70  idle.o(i.rt_thread_idle_excute)
    rt_thread_idle_init                      0x080034d9   Thumb Code    40  idle.o(i.rt_thread_idle_init)
    rt_thread_init                           0x08003511   Thumb Code    48  thread.o(i.rt_thread_init)
    rt_thread_mdelay                         0x08003541   Thumb Code    14  thread.o(i.rt_thread_mdelay)
    rt_thread_resume                         0x0800354f   Thumb Code    60  thread.o(i.rt_thread_resume)
    rt_thread_self                           0x0800358d   Thumb Code     6  thread.o(i.rt_thread_self)
    rt_thread_sleep                          0x08003599   Thumb Code    60  thread.o(i.rt_thread_sleep)
    rt_thread_startup                        0x080035d9   Thumb Code    40  thread.o(i.rt_thread_startup)
    rt_thread_suspend                        0x08003605   Thumb Code    66  thread.o(i.rt_thread_suspend)
    rt_thread_timeout                        0x08003647   Thumb Code    32  thread.o(i.rt_thread_timeout)
    rt_thread_yield                          0x08003669   Thumb Code    86  thread.o(i.rt_thread_yield)
    rt_tick_from_millisecond                 0x080036c9   Thumb Code    50  clock.o(i.rt_tick_from_millisecond)
    rt_tick_get                              0x080036fd   Thumb Code     6  clock.o(i.rt_tick_get)
    rt_tick_increase                         0x08003709   Thumb Code    38  clock.o(i.rt_tick_increase)
    rt_timer_check                           0x08003735   Thumb Code   136  timer.o(i.rt_timer_check)
    rt_timer_control                         0x080037c1   Thumb Code    72  timer.o(i.rt_timer_control)
    rt_timer_detach                          0x08003809   Thumb Code    40  timer.o(i.rt_timer_detach)
    rt_timer_init                            0x08003831   Thumb Code    40  timer.o(i.rt_timer_init)
    rt_timer_start                           0x08003859   Thumb Code   126  timer.o(i.rt_timer_start)
    rt_timer_stop                            0x080038dd   Thumb Code    46  timer.o(i.rt_timer_stop)
    rt_vsnprintf                             0x0800390d   Thumb Code   634  kservice.o(i.rt_vsnprintf)
    rtthread_startup                         0x08003ba1   Thumb Code    42  components.o(i.rtthread_startup)
    scs_thread_init                          0x08003bcd   Thumb Code    40  scs_thread.o(i.scs_thread_init)
    version                                  0x08003f81   Thumb Code    10  cmd.o(i.version)
    AHBPrescTable                            0x08003f8a   Data          16  system_stm32f1xx.o(.constdata)
    APBPrescTable                            0x08003f9a   Data           8  system_stm32f1xx.o(.constdata)
    __lowest_bit_bitmap                      0x08003fa2   Data         256  kservice.o(.constdata)
    __fsym___cmd_set_ploar_name              0x08004108   Data          16  main.o(.rodata.name)
    __fsym___cmd_set_ploar_desc              0x08004118   Data          19  main.o(.rodata.name)
    __fsym___cmd_set_mode_name               0x0800412b   Data          15  main.o(.rodata.name)
    __fsym___cmd_set_mode_desc               0x0800413a   Data          18  main.o(.rodata.name)
    __fsym___cmd_set_out_name                0x0800414c   Data          14  main.o(.rodata.name)
    __fsym___cmd_set_out_desc                0x0800415a   Data          31  main.o(.rodata.name)
    __fsym___cmd_set_dac1_name               0x08004179   Data          15  main.o(.rodata.name)
    __fsym___cmd_set_dac1_desc               0x08004188   Data          27  main.o(.rodata.name)
    __fsym___cmd_set_dac2_name               0x080041a3   Data          15  main.o(.rodata.name)
    __fsym___cmd_set_dac2_desc               0x080041b2   Data          27  main.o(.rodata.name)
    __fsym_list_mem_name                     0x080041cd   Data           9  mem.o(.rodata.name)
    __fsym_list_mem_desc                     0x080041d6   Data          30  mem.o(.rodata.name)
    __fsym_hello_name                        0x080041f4   Data           6  cmd.o(.rodata.name)
    __fsym_hello_desc                        0x080041fa   Data          16  cmd.o(.rodata.name)
    __fsym_version_name                      0x0800420a   Data           8  cmd.o(.rodata.name)
    __fsym_version_desc                      0x08004212   Data          35  cmd.o(.rodata.name)
    __fsym___cmd_version_name                0x08004235   Data          14  cmd.o(.rodata.name)
    __fsym___cmd_version_desc                0x08004243   Data          35  cmd.o(.rodata.name)
    __fsym_list_thread_name                  0x08004266   Data          12  cmd.o(.rodata.name)
    __fsym_list_thread_desc                  0x08004272   Data          12  cmd.o(.rodata.name)
    __fsym___cmd_list_thread_name            0x0800427e   Data          18  cmd.o(.rodata.name)
    __fsym___cmd_list_thread_desc            0x08004290   Data          12  cmd.o(.rodata.name)
    __fsym_list_sem_name                     0x0800429c   Data           9  cmd.o(.rodata.name)
    __fsym_list_sem_desc                     0x080042a5   Data          25  cmd.o(.rodata.name)
    __fsym___cmd_list_sem_name               0x080042be   Data          15  cmd.o(.rodata.name)
    __fsym___cmd_list_sem_desc               0x080042cd   Data          25  cmd.o(.rodata.name)
    __fsym_list_mailbox_name                 0x080042e6   Data          13  cmd.o(.rodata.name)
    __fsym_list_mailbox_desc                 0x080042f3   Data          24  cmd.o(.rodata.name)
    __fsym___cmd_list_mailbox_name           0x0800430b   Data          19  cmd.o(.rodata.name)
    __fsym___cmd_list_mailbox_desc           0x0800431e   Data          24  cmd.o(.rodata.name)
    __fsym_list_timer_name                   0x08004336   Data          11  cmd.o(.rodata.name)
    __fsym_list_timer_desc                   0x08004341   Data          21  cmd.o(.rodata.name)
    __fsym___cmd_list_timer_name             0x08004356   Data          17  cmd.o(.rodata.name)
    __fsym___cmd_list_timer_desc             0x08004367   Data          21  cmd.o(.rodata.name)
    __fsym_list_name                         0x0800437c   Data           5  cmd.o(.rodata.name)
    __fsym_list_desc                         0x08004381   Data          26  cmd.o(.rodata.name)
    __fsym___cmd_help_name                   0x0800439b   Data          11  msh.o(.rodata.name)
    __fsym___cmd_help_desc                   0x080043a6   Data          22  msh.o(.rodata.name)
    __fsym___cmd_ps_name                     0x080043bc   Data           9  msh.o(.rodata.name)
    __fsym___cmd_ps_desc                     0x080043c5   Data          28  msh.o(.rodata.name)
    __fsym___cmd_free_name                   0x080043e1   Data          11  msh.o(.rodata.name)
    __fsym___cmd_free_desc                   0x080043ec   Data          37  msh.o(.rodata.name)
    __rt_init_rti_start                      0x08004414   Data           4  components.o(.rti_fn.0)
    __rt_init_rti_board_start                0x08004418   Data           4  components.o(.rti_fn.0.end)
    __rt_init_uart_init                      0x0800441c   Data           4  board.o(.rti_fn.1)
    __rt_init_rti_board_end                  0x08004420   Data           4  components.o(.rti_fn.1.end)
    __rt_init_finsh_system_init              0x08004424   Data           4  shell.o(.rti_fn.6)
    __rt_init_rti_end                        0x08004428   Data           4  components.o(.rti_fn.6.end)
    FSymTab$$Base                            0x0800442c   Number         0  main.o(FSymTab)
    __fsym___cmd_set_ploar                   0x0800442c   Data          12  main.o(FSymTab)
    __fsym___cmd_set_mode                    0x08004438   Data          12  main.o(FSymTab)
    __fsym___cmd_set_out                     0x08004444   Data          12  main.o(FSymTab)
    __fsym___cmd_set_dac1                    0x08004450   Data          12  main.o(FSymTab)
    __fsym___cmd_set_dac2                    0x0800445c   Data          12  main.o(FSymTab)
    __fsym_list_mem                          0x08004468   Data          12  mem.o(FSymTab)
    __fsym_hello                             0x08004474   Data          12  cmd.o(FSymTab)
    __fsym_version                           0x08004480   Data          12  cmd.o(FSymTab)
    __fsym___cmd_version                     0x0800448c   Data          12  cmd.o(FSymTab)
    __fsym_list_thread                       0x08004498   Data          12  cmd.o(FSymTab)
    __fsym___cmd_list_thread                 0x080044a4   Data          12  cmd.o(FSymTab)
    __fsym_list_sem                          0x080044b0   Data          12  cmd.o(FSymTab)
    __fsym___cmd_list_sem                    0x080044bc   Data          12  cmd.o(FSymTab)
    __fsym_list_mailbox                      0x080044c8   Data          12  cmd.o(FSymTab)
    __fsym___cmd_list_mailbox                0x080044d4   Data          12  cmd.o(FSymTab)
    __fsym_list_timer                        0x080044e0   Data          12  cmd.o(FSymTab)
    __fsym___cmd_list_timer                  0x080044ec   Data          12  cmd.o(FSymTab)
    __fsym_list                              0x080044f8   Data          12  cmd.o(FSymTab)
    __fsym___cmd_help                        0x08004504   Data          12  msh.o(FSymTab)
    __fsym___cmd_ps                          0x08004510   Data          12  msh.o(FSymTab)
    __fsym___cmd_free                        0x0800451c   Data          12  msh.o(FSymTab)
    FSymTab$$Limit                           0x08004528   Number         0  msh.o(FSymTab)
    Region$$Table$$Base                      0x08004528   Number         0  anon$$obj.o(Region$$Table)
    Region$$Table$$Limit                     0x08004548   Number         0  anon$$obj.o(Region$$Table)
    uwTickFreq                               0x20000000   Data           1  stm32f1xx_hal.o(.data)
    uwTickPrio                               0x20000004   Data           4  stm32f1xx_hal.o(.data)
    uwTick                                   0x20000008   Data           4  stm32f1xx_hal.o(.data)
    SystemCoreClock                          0x2000000c   Data           4  system_stm32f1xx.o(.data)
    rt_interrupt_from_thread                 0x20000018   Data           4  cpuport.o(.data)
    rt_interrupt_to_thread                   0x2000001c   Data           4  cpuport.o(.data)
    rt_thread_switch_interrupt_flag          0x20000020   Data           4  cpuport.o(.data)
    rt_interrupt_nest                        0x20000024   Data           1  irq.o(.data)
    rt_current_priority                      0x20000080   Data           1  scheduler.o(.data)
    rt_current_thread                        0x20000084   Data           4  scheduler.o(.data)
    rt_thread_ready_priority_group           0x20000088   Data           4  scheduler.o(.data)
    rt_thread_defunct                        0x2000008c   Data           8  scheduler.o(.data)
    _syscall_table_begin                     0x200000a0   Data           4  shell.o(.data)
    _syscall_table_end                       0x200000a4   Data           4  shell.o(.data)
    _sysvar_table_begin                      0x200000a8   Data           4  shell.o(.data)
    _sysvar_table_end                        0x200000ac   Data           4  shell.o(.data)
    shell                                    0x200000b4   Data           4  shell.o(.data)
    hi2c2                                    0x200000b8   Data          84  main.o(.bss)
    huart1                                   0x2000010c   Data          68  main.o(.bss)
    rt_thread_priority_table                 0x20001660   Data         256  scheduler.o(.bss)
    __initial_sp                             0x20002068   Data           0  startup_stm32f103xe.o(STACK)



==============================================================================

Memory Map of the image

  Image Entry point : 0x08000131

  Load Region LR_IROM1 (Base: 0x08000000, Size: 0x00004600, Max: 0x00040000, ABSOLUTE)

    Execution Region ER_IROM1 (Exec base: 0x08000000, Load base: 0x08000000, Size: 0x00004548, Max: 0x00040000, ABSOLUTE)

    Exec Addr    Load Addr    Size         Type   Attr      Idx    E Section Name        Object

    0x08000000   0x08000000   0x00000130   Data   RO            3    RESET               startup_stm32f103xe.o
    0x08000130   0x08000130   0x00000000   Code   RO         3595  * .ARM.Collect$$$$00000000  mc_w.l(entry.o)
    0x08000130   0x08000130   0x00000004   Code   RO         3624    .ARM.Collect$$$$00000001  mc_w.l(entry2.o)
    0x08000134   0x08000134   0x00000004   Code   RO         3627    .ARM.Collect$$$$00000004  mc_w.l(entry5.o)
    0x08000138   0x08000138   0x00000000   Code   RO         3629    .ARM.Collect$$$$00000008  mc_w.l(entry7b.o)
    0x08000138   0x08000138   0x00000000   Code   RO         3631    .ARM.Collect$$$$0000000A  mc_w.l(entry8b.o)
    0x08000138   0x08000138   0x00000008   Code   RO         3632    .ARM.Collect$$$$0000000B  mc_w.l(entry9a.o)
    0x08000140   0x08000140   0x00000000   Code   RO         3634    .ARM.Collect$$$$0000000D  mc_w.l(entry10a.o)
    0x08000140   0x08000140   0x00000000   Code   RO         3636    .ARM.Collect$$$$0000000F  mc_w.l(entry11a.o)
    0x08000140   0x08000140   0x00000004   Code   RO         3625    .ARM.Collect$$$$00002712  mc_w.l(entry2.o)
    0x08000144   0x08000144   0x00000024   Code   RO            4    .text               startup_stm32f103xe.o
    0x08000168   0x08000168   0x000000f4   Code   RO         2421    .text               context_rvds.o
    0x0800025c   0x0800025c   0x00000020   Code   RO         3598    .text               mc_w.l(llushr.o)
    0x0800027c   0x0800027c   0x00000024   Code   RO         3600    .text               mc_w.l(memcpya.o)
    0x080002a0   0x080002a0   0x00000024   Code   RO         3602    .text               mc_w.l(memseta.o)
    0x080002c4   0x080002c4   0x00000018   Code   RO         3604    .text               mc_w.l(strcat.o)
    0x080002dc   0x080002dc   0x00000018   Code   RO         3606    .text               mc_w.l(strncpy.o)
    0x080002f4   0x080002f4   0x0000000e   Code   RO         3608    .text               mc_w.l(strlen.o)
    0x08000302   0x08000302   0x00000012   Code   RO         3610    .text               mc_w.l(strcpy.o)
    0x08000314   0x08000314   0x0000001e   Code   RO         3612    .text               mc_w.l(strncmp.o)
    0x08000332   0x08000332   0x000000de   Code   RO         3616    .text               mf_w.l(ddiv.o)
    0x08000410   0x08000410   0x0000002e   Code   RO         3618    .text               mf_w.l(dscalb.o)
    0x0800043e   0x0800043e   0x00000032   Code   RO         3620    .text               mf_w.l(dfixui.o)
    0x08000470   0x08000470   0x00000000   Code   RO         3638    .text               mc_w.l(iusefp.o)
    0x08000470   0x08000470   0x000000ba   Code   RO         3639    .text               mf_w.l(depilogue.o)
    0x0800052a   0x0800052a   0x00000002   PAD
    0x0800052c   0x0800052c   0x00000024   Code   RO         3641    .text               mc_w.l(init.o)
    0x08000550   0x08000550   0x0000001e   Code   RO         3643    .text               mc_w.l(llshl.o)
    0x0800056e   0x0800056e   0x0000000a   Code   RO         2354    i.$Sub$$main        components.o
    0x08000578   0x08000578   0x00000002   Code   RO          270    i.BusFault_Handler  stm32f1xx_it.o
    0x0800057a   0x0800057a   0x00000002   Code   RO          271    i.DebugMon_Handler  stm32f1xx_it.o
    0x0800057c   0x0800057c   0x000001f8   Code   RO         1158    i.HAL_GPIO_Init     stm32f1xx_hal_gpio.o
    0x08000774   0x08000774   0x0000000a   Code   RO         1162    i.HAL_GPIO_WritePin  stm32f1xx_hal_gpio.o
    0x0800077e   0x0800077e   0x00000002   PAD
    0x08000780   0x08000780   0x0000000c   Code   RO          854    i.HAL_GetTick       stm32f1xx_hal.o
    0x0800078c   0x0800078c   0x00000188   Code   RO          422    i.HAL_I2C_Init      stm32f1xx_hal_i2c.o
    0x08000914   0x08000914   0x00000060   Code   RO          328    i.HAL_I2C_MspInit   stm32f1xx_hal_msp.o
    0x08000974   0x08000974   0x00000024   Code   RO          861    i.HAL_Init          stm32f1xx_hal.o
    0x08000998   0x08000998   0x00000040   Code   RO          862    i.HAL_InitTick      stm32f1xx_hal.o
    0x080009d8   0x080009d8   0x0000003c   Code   RO          329    i.HAL_MspInit       stm32f1xx_hal_msp.o
    0x08000a14   0x08000a14   0x00000040   Code   RO         1324    i.HAL_NVIC_SetPriority  stm32f1xx_hal_cortex.o
    0x08000a54   0x08000a54   0x00000024   Code   RO         1325    i.HAL_NVIC_SetPriorityGrouping  stm32f1xx_hal_cortex.o
    0x08000a78   0x08000a78   0x0000012c   Code   RO         1018    i.HAL_RCC_ClockConfig  stm32f1xx_hal_rcc.o
    0x08000ba4   0x08000ba4   0x00000020   Code   RO         1025    i.HAL_RCC_GetPCLK1Freq  stm32f1xx_hal_rcc.o
    0x08000bc4   0x08000bc4   0x00000020   Code   RO         1026    i.HAL_RCC_GetPCLK2Freq  stm32f1xx_hal_rcc.o
    0x08000be4   0x08000be4   0x0000006c   Code   RO         1027    i.HAL_RCC_GetSysClockFreq  stm32f1xx_hal_rcc.o
    0x08000c50   0x08000c50   0x00000320   Code   RO         1030    i.HAL_RCC_OscConfig  stm32f1xx_hal_rcc.o
    0x08000f70   0x08000f70   0x00000028   Code   RO         1329    i.HAL_SYSTICK_Config  stm32f1xx_hal_cortex.o
    0x08000f98   0x08000f98   0x00000062   Code   RO         1883    i.HAL_UART_Init     stm32f1xx_hal_uart.o
    0x08000ffa   0x08000ffa   0x00000002   PAD
    0x08000ffc   0x08000ffc   0x00000070   Code   RO          331    i.HAL_UART_MspInit  stm32f1xx_hal_msp.o
    0x0800106c   0x0800106c   0x000000b2   Code   RO         1891    i.HAL_UART_Transmit  stm32f1xx_hal_uart.o
    0x0800111e   0x0800111e   0x00000002   PAD
    0x08001120   0x08001120   0x000000d4   Code   RO           15    i.MX_GPIO_Init      main.o
    0x080011f4   0x080011f4   0x00000034   Code   RO           16    i.MX_USART1_UART_Init  main.o
    0x08001228   0x08001228   0x00000002   Code   RO          272    i.MemManage_Handler  stm32f1xx_it.o
    0x0800122a   0x0800122a   0x00000002   Code   RO          273    i.NMI_Handler       stm32f1xx_it.o
    0x0800122c   0x0800122c   0x00000002   Code   RO          274    i.SVC_Handler       stm32f1xx_it.o
    0x0800122e   0x0800122e   0x00000004   Code   RO         2249    i.SysTick_Handler   board.o
    0x08001232   0x08001232   0x0000005e   Code   RO           17    i.SystemClock_Config  main.o
    0x08001290   0x08001290   0x00000068   Code   RO         2211    i.SystemCoreClockUpdate  system_stm32f1xx.o
    0x080012f8   0x080012f8   0x00000002   Code   RO         2212    i.SystemInit        system_stm32f1xx.o
    0x080012fa   0x080012fa   0x00000002   PAD
    0x080012fc   0x080012fc   0x000000b8   Code   RO         1909    i.UART_SetConfig    stm32f1xx_hal_uart.o
    0x080013b4   0x080013b4   0x00000064   Code   RO         1912    i.UART_WaitOnFlagUntilTimeout  stm32f1xx_hal_uart.o
    0x08001418   0x08001418   0x00000002   Code   RO          275    i.UsageFault_Handler  stm32f1xx_it.o
    0x0800141a   0x0800141a   0x00000020   Code   RO         1331    i.__NVIC_SetPriority  stm32f1xx_hal_cortex.o
    0x0800143a   0x0800143a   0x00000002   PAD
    0x0800143c   0x0800143c   0x00000044   Code   RO         2678    i.__rt_ffs          kservice.o
    0x08001480   0x08001480   0x0000000e   Code   RO         3647    i.__scatterload_copy  mc_w.l(handlers.o)
    0x0800148e   0x0800148e   0x00000002   Code   RO         3648    i.__scatterload_null  mc_w.l(handlers.o)
    0x08001490   0x08001490   0x0000000e   Code   RO         3649    i.__scatterload_zeroinit  mc_w.l(handlers.o)
    0x0800149e   0x0800149e   0x00000002   PAD
    0x080014a0   0x080014a0   0x0000009c   Code   RO         3451    i._msh_exec_cmd     msh.o
    0x0800153c   0x0800153c   0x00000080   Code   RO         3096    i._rt_thread_init   thread.o
    0x080015bc   0x080015bc   0x0000001c   Code   RO         3226    i._rt_timer_init    timer.o
    0x080015d8   0x080015d8   0x00000006   Code   RO         3227    i._rt_timer_remove  timer.o
    0x080015de   0x080015de   0x0000001c   Code   RO         3097    i._thread_cleanup_execute  thread.o
    0x080015fa   0x080015fa   0x00000002   PAD
    0x080015fc   0x080015fc   0x000000e8   Code   RO         2434    i.bus_fault_track   cpuport.o
    0x080016e4   0x080016e4   0x0000000a   Code   RO         3452    i.cmd_free          msh.o
    0x080016ee   0x080016ee   0x0000000a   Code   RO         3453    i.cmd_ps            msh.o
    0x080016f8   0x080016f8   0x00000060   Code   RO         3519    i.finsh_get_prompt  shell.o
    0x08001758   0x08001758   0x00000014   Code   RO         3523    i.finsh_set_prompt_mode  shell.o
    0x0800176c   0x0800176c   0x0000000c   Code   RO         3524    i.finsh_system_function_init  shell.o
    0x08001778   0x08001778   0x00000094   Code   RO         3525    i.finsh_system_init  shell.o
    0x0800180c   0x0800180c   0x0000028c   Code   RO         3527    i.finsh_thread_entry  shell.o
    0x08001a98   0x08001a98   0x00000078   Code   RO         2435    i.hard_fault_track  cpuport.o
    0x08001b10   0x08001b10   0x00000020   Code   RO         3323    i.hello             cmd.o
    0x08001b30   0x08001b30   0x0000002c   Code   RO          234    i.led_thread_entry  scs_thread.o
    0x08001b5c   0x08001b5c   0x00000064   Code   RO         3324    i.list              cmd.o
    0x08001bc0   0x08001bc0   0x00000024   Code   RO         3325    i.list_find_init    cmd.o
    0x08001be4   0x08001be4   0x00000066   Code   RO         3326    i.list_get_next     cmd.o
    0x08001c4a   0x08001c4a   0x00000002   PAD
    0x08001c4c   0x08001c4c   0x00000144   Code   RO         3327    i.list_mailbox      cmd.o
    0x08001d90   0x08001d90   0x0000006c   Code   RO         2852    i.list_mem          mem.o
    0x08001dfc   0x08001dfc   0x0000011c   Code   RO         3328    i.list_sem          cmd.o
    0x08001f18   0x08001f18   0x000001b8   Code   RO         3329    i.list_thread       cmd.o
    0x080020d0   0x080020d0   0x00000140   Code   RO         3330    i.list_timer        cmd.o
    0x08002210   0x08002210   0x000000a4   Code   RO           20    i.main              main.o
    0x080022b4   0x080022b4   0x0000000e   Code   RO         2355    i.main_thread_entry  components.o
    0x080022c2   0x080022c2   0x00000002   PAD
    0x080022c4   0x080022c4   0x000000d8   Code   RO         2436    i.mem_manage_fault_track  cpuport.o
    0x0800239c   0x0800239c   0x000000ac   Code   RO         3454    i.msh_auto_complete  msh.o
    0x08002448   0x08002448   0x00000064   Code   RO         3455    i.msh_exec          msh.o
    0x080024ac   0x080024ac   0x00000078   Code   RO         3456    i.msh_help          msh.o
    0x08002524   0x08002524   0x00000004   Code   RO         3457    i.msh_is_used       msh.o
    0x08002528   0x08002528   0x000000d0   Code   RO         3458    i.msh_split         msh.o
    0x080025f8   0x080025f8   0x00000018   Code   RO         3331    i.object_split      cmd.o
    0x08002610   0x08002610   0x00000054   Code   RO         2853    i.plug_holes        mem.o
    0x08002664   0x08002664   0x00000130   Code   RO         2680    i.print_number      kservice.o
    0x08002794   0x08002794   0x0000002c   Code   RO         2356    i.rt_application_init  components.o
    0x080027c0   0x080027c0   0x0000001a   Code   RO         2854    i.rt_calloc         mem.o
    0x080027da   0x080027da   0x00000002   PAD
    0x080027dc   0x080027dc   0x0000001c   Code   RO         2357    i.rt_components_board_init  components.o
    0x080027f8   0x080027f8   0x0000001c   Code   RO         2358    i.rt_components_init  components.o
    0x08002814   0x08002814   0x0000001c   Code   RO         3029    i.rt_enter_critical  scheduler.o
    0x08002830   0x08002830   0x00000038   Code   RO         3030    i.rt_exit_critical  scheduler.o
    0x08002868   0x08002868   0x000000c4   Code   RO         2855    i.rt_free           mem.o
    0x0800292c   0x0800292c   0x00000008   Code   RO         2250    i.rt_heap_begin_get  board.o
    0x08002934   0x08002934   0x00000008   Code   RO         2251    i.rt_heap_end_get   board.o
    0x0800293c   0x0800293c   0x00000068   Code   RO         2252    i.rt_hw_board_init  board.o
    0x080029a4   0x080029a4   0x00000034   Code   RO         3430    i.rt_hw_console_getchar  finsh_port.o
    0x080029d8   0x080029d8   0x00000048   Code   RO         2253    i.rt_hw_console_output  board.o
    0x08002a20   0x08002a20   0x000001fc   Code   RO         2440    i.rt_hw_hard_fault_exception  cpuport.o
    0x08002c1c   0x08002c1c   0x00000038   Code   RO         2441    i.rt_hw_stack_init  cpuport.o
    0x08002c54   0x08002c54   0x0000001c   Code   RO         2651    i.rt_interrupt_enter  irq.o
    0x08002c70   0x08002c70   0x0000001c   Code   RO         2653    i.rt_interrupt_leave  irq.o
    0x08002c8c   0x08002c8c   0x00000052   Code   RO         2532    i.rt_ipc_list_suspend  ipc.o
    0x08002cde   0x08002cde   0x00000002   PAD
    0x08002ce0   0x08002ce0   0x00000020   Code   RO         2684    i.rt_kprintf        kservice.o
    0x08002d00   0x08002d00   0x0000000e   Code   RO         2941    i.rt_list_insert_after  object.o
    0x08002d0e   0x08002d0e   0x0000000e   Code   RO         3098    i.rt_list_insert_after  thread.o
    0x08002d1c   0x08002d1c   0x0000000e   Code   RO         3228    i.rt_list_insert_after  timer.o
    0x08002d2a   0x08002d2a   0x0000000e   Code   RO         2533    i.rt_list_insert_before  ipc.o
    0x08002d38   0x08002d38   0x00000012   Code   RO         3332    i.rt_list_len       cmd.o
    0x08002d4a   0x08002d4a   0x00000012   Code   RO         2942    i.rt_list_remove    object.o
    0x08002d5c   0x08002d5c   0x00000012   Code   RO         3099    i.rt_list_remove    thread.o
    0x08002d6e   0x08002d6e   0x00000012   Code   RO         3229    i.rt_list_remove    timer.o
    0x08002d80   0x08002d80   0x000000f0   Code   RO         2856    i.rt_malloc         mem.o
    0x08002e70   0x08002e70   0x00000032   Code   RO         2689    i.rt_memmove        kservice.o
    0x08002ea2   0x08002ea2   0x00000002   PAD
    0x08002ea4   0x08002ea4   0x00000046   Code   RO         2690    i.rt_memset         kservice.o
    0x08002eea   0x08002eea   0x00000050   Code   RO         2943    i.rt_object_allocate  object.o
    0x08002f3a   0x08002f3a   0x00000026   Code   RO         2944    i.rt_object_delete  object.o
    0x08002f60   0x08002f60   0x00000020   Code   RO         2945    i.rt_object_detach  object.o
    0x08002f80   0x08002f80   0x00000024   Code   RO         2947    i.rt_object_get_information  object.o
    0x08002fa4   0x08002fa4   0x00000050   Code   RO         2951    i.rt_object_init    object.o
    0x08002ff4   0x08002ff4   0x0000000e   Code   RO         2952    i.rt_object_is_systemobject  object.o
    0x08003002   0x08003002   0x00000012   Code   RO         2254    i.rt_os_tick_callback  board.o
    0x08003014   0x08003014   0x00000058   Code   RO         3031    i.rt_schedule       scheduler.o
    0x0800306c   0x0800306c   0x00000050   Code   RO         3032    i.rt_schedule_insert_thread  scheduler.o
    0x080030bc   0x080030bc   0x00000048   Code   RO         3033    i.rt_schedule_remove_thread  scheduler.o
    0x08003104   0x08003104   0x00000024   Code   RO         2546    i.rt_sem_init       ipc.o
    0x08003128   0x08003128   0x0000004a   Code   RO         2547    i.rt_sem_release    ipc.o
    0x08003172   0x08003172   0x0000006e   Code   RO         2548    i.rt_sem_take       ipc.o
    0x080031e0   0x080031e0   0x000000b0   Code   RO         2692    i.rt_show_version   kservice.o
    0x08003290   0x08003290   0x00000010   Code   RO         2698    i.rt_strlen         kservice.o
    0x080032a0   0x080032a0   0x00000026   Code   RO         2700    i.rt_strncpy        kservice.o
    0x080032c6   0x080032c6   0x00000002   PAD
    0x080032c8   0x080032c8   0x000000ac   Code   RO         2859    i.rt_system_heap_init  mem.o
    0x08003374   0x08003374   0x00000034   Code   RO         3034    i.rt_system_scheduler_init  scheduler.o
    0x080033a8   0x080033a8   0x00000028   Code   RO         3035    i.rt_system_scheduler_start  scheduler.o
    0x080033d0   0x080033d0   0x0000000c   Code   RO         3230    i.rt_system_timer_init  timer.o
    0x080033dc   0x080033dc   0x00000002   Code   RO         3231    i.rt_system_timer_thread_init  timer.o
    0x080033de   0x080033de   0x00000048   Code   RO         3101    i.rt_thread_create  thread.o
    0x08003426   0x08003426   0x00000002   PAD
    0x08003428   0x08003428   0x0000005c   Code   RO         3106    i.rt_thread_exit    thread.o
    0x08003484   0x08003484   0x00000006   Code   RO         2496    i.rt_thread_idle_entry  idle.o
    0x0800348a   0x0800348a   0x00000002   PAD
    0x0800348c   0x0800348c   0x0000004c   Code   RO         2497    i.rt_thread_idle_excute  idle.o
    0x080034d8   0x080034d8   0x00000038   Code   RO         2499    i.rt_thread_idle_init  idle.o
    0x08003510   0x08003510   0x00000030   Code   RO         3108    i.rt_thread_init    thread.o
    0x08003540   0x08003540   0x0000000e   Code   RO         3109    i.rt_thread_mdelay  thread.o
    0x0800354e   0x0800354e   0x0000003c   Code   RO         3110    i.rt_thread_resume  thread.o
    0x0800358a   0x0800358a   0x00000002   PAD
    0x0800358c   0x0800358c   0x0000000c   Code   RO         3111    i.rt_thread_self    thread.o
    0x08003598   0x08003598   0x00000040   Code   RO         3112    i.rt_thread_sleep   thread.o
    0x080035d8   0x080035d8   0x0000002c   Code   RO         3113    i.rt_thread_startup  thread.o
    0x08003604   0x08003604   0x00000042   Code   RO         3114    i.rt_thread_suspend  thread.o
    0x08003646   0x08003646   0x00000020   Code   RO         3115    i.rt_thread_timeout  thread.o
    0x08003666   0x08003666   0x00000002   PAD
    0x08003668   0x08003668   0x00000060   Code   RO         3116    i.rt_thread_yield   thread.o
    0x080036c8   0x080036c8   0x00000032   Code   RO         2317    i.rt_tick_from_millisecond  clock.o
    0x080036fa   0x080036fa   0x00000002   PAD
    0x080036fc   0x080036fc   0x0000000c   Code   RO         2318    i.rt_tick_get       clock.o
    0x08003708   0x08003708   0x0000002c   Code   RO         2319    i.rt_tick_increase  clock.o
    0x08003734   0x08003734   0x0000008c   Code   RO         3232    i.rt_timer_check    timer.o
    0x080037c0   0x080037c0   0x00000048   Code   RO         3233    i.rt_timer_control  timer.o
    0x08003808   0x08003808   0x00000028   Code   RO         3236    i.rt_timer_detach   timer.o
    0x08003830   0x08003830   0x00000028   Code   RO         3237    i.rt_timer_init     timer.o
    0x08003858   0x08003858   0x00000084   Code   RO         3239    i.rt_timer_start    timer.o
    0x080038dc   0x080038dc   0x0000002e   Code   RO         3240    i.rt_timer_stop     timer.o
    0x0800390a   0x0800390a   0x00000002   PAD
    0x0800390c   0x0800390c   0x00000284   Code   RO         2703    i.rt_vsnprintf      kservice.o
    0x08003b90   0x08003b90   0x00000004   Code   RO         2359    i.rti_board_end     components.o
    0x08003b94   0x08003b94   0x00000004   Code   RO         2360    i.rti_board_start   components.o
    0x08003b98   0x08003b98   0x00000004   Code   RO         2361    i.rti_end           components.o
    0x08003b9c   0x08003b9c   0x00000004   Code   RO         2362    i.rti_start         components.o
    0x08003ba0   0x08003ba0   0x0000002a   Code   RO         2363    i.rtthread_startup  components.o
    0x08003bca   0x08003bca   0x00000002   PAD
    0x08003bcc   0x08003bcc   0x0000003c   Code   RO          235    i.scs_thread_init   scs_thread.o
    0x08003c08   0x08003c08   0x000000c0   Code   RO           21    i.set_dac1          main.o
    0x08003cc8   0x08003cc8   0x000000c0   Code   RO           22    i.set_dac2          main.o
    0x08003d88   0x08003d88   0x00000024   Code   RO           23    i.set_mode          main.o
    0x08003dac   0x08003dac   0x00000024   Code   RO           24    i.set_out           main.o
    0x08003dd0   0x08003dd0   0x0000007c   Code   RO           25    i.set_ploar         main.o
    0x08003e4c   0x08003e4c   0x00000030   Code   RO         3333    i.show_wait_queue   cmd.o
    0x08003e7c   0x08003e7c   0x00000028   Code   RO         2705    i.skip_atoi         kservice.o
    0x08003ea4   0x08003ea4   0x0000000a   Code   RO         2255    i.uart_init         board.o
    0x08003eae   0x08003eae   0x00000002   PAD
    0x08003eb0   0x08003eb0   0x000000d0   Code   RO         2442    i.usage_fault_track  cpuport.o
    0x08003f80   0x08003f80   0x0000000a   Code   RO         3334    i.version           cmd.o
    0x08003f8a   0x08003f8a   0x00000010   Data   RO         2213    .constdata          system_stm32f1xx.o
    0x08003f9a   0x08003f9a   0x00000008   Data   RO         2214    .constdata          system_stm32f1xx.o
    0x08003fa2   0x08003fa2   0x00000122   Data   RO         2707    .constdata          kservice.o
    0x080040c4   0x080040c4   0x00000044   Data   RO         3335    .conststring        cmd.o
    0x08004108   0x08004108   0x00000010   Data   RO           28    .rodata.name        main.o
    0x08004118   0x08004118   0x00000013   Data   RO           29    .rodata.name        main.o
    0x0800412b   0x0800412b   0x0000000f   Data   RO           30    .rodata.name        main.o
    0x0800413a   0x0800413a   0x00000012   Data   RO           31    .rodata.name        main.o
    0x0800414c   0x0800414c   0x0000000e   Data   RO           32    .rodata.name        main.o
    0x0800415a   0x0800415a   0x0000001f   Data   RO           33    .rodata.name        main.o
    0x08004179   0x08004179   0x0000000f   Data   RO           34    .rodata.name        main.o
    0x08004188   0x08004188   0x0000001b   Data   RO           35    .rodata.name        main.o
    0x080041a3   0x080041a3   0x0000000f   Data   RO           36    .rodata.name        main.o
    0x080041b2   0x080041b2   0x0000001b   Data   RO           37    .rodata.name        main.o
    0x080041cd   0x080041cd   0x00000009   Data   RO         2862    .rodata.name        mem.o
    0x080041d6   0x080041d6   0x0000001e   Data   RO         2863    .rodata.name        mem.o
    0x080041f4   0x080041f4   0x00000006   Data   RO         3336    .rodata.name        cmd.o
    0x080041fa   0x080041fa   0x00000010   Data   RO         3337    .rodata.name        cmd.o
    0x0800420a   0x0800420a   0x00000008   Data   RO         3338    .rodata.name        cmd.o
    0x08004212   0x08004212   0x00000023   Data   RO         3339    .rodata.name        cmd.o
    0x08004235   0x08004235   0x0000000e   Data   RO         3340    .rodata.name        cmd.o
    0x08004243   0x08004243   0x00000023   Data   RO         3341    .rodata.name        cmd.o
    0x08004266   0x08004266   0x0000000c   Data   RO         3342    .rodata.name        cmd.o
    0x08004272   0x08004272   0x0000000c   Data   RO         3343    .rodata.name        cmd.o
    0x0800427e   0x0800427e   0x00000012   Data   RO         3344    .rodata.name        cmd.o
    0x08004290   0x08004290   0x0000000c   Data   RO         3345    .rodata.name        cmd.o
    0x0800429c   0x0800429c   0x00000009   Data   RO         3346    .rodata.name        cmd.o
    0x080042a5   0x080042a5   0x00000019   Data   RO         3347    .rodata.name        cmd.o
    0x080042be   0x080042be   0x0000000f   Data   RO         3348    .rodata.name        cmd.o
    0x080042cd   0x080042cd   0x00000019   Data   RO         3349    .rodata.name        cmd.o
    0x080042e6   0x080042e6   0x0000000d   Data   RO         3350    .rodata.name        cmd.o
    0x080042f3   0x080042f3   0x00000018   Data   RO         3351    .rodata.name        cmd.o
    0x0800430b   0x0800430b   0x00000013   Data   RO         3352    .rodata.name        cmd.o
    0x0800431e   0x0800431e   0x00000018   Data   RO         3353    .rodata.name        cmd.o
    0x08004336   0x08004336   0x0000000b   Data   RO         3354    .rodata.name        cmd.o
    0x08004341   0x08004341   0x00000015   Data   RO         3355    .rodata.name        cmd.o
    0x08004356   0x08004356   0x00000011   Data   RO         3356    .rodata.name        cmd.o
    0x08004367   0x08004367   0x00000015   Data   RO         3357    .rodata.name        cmd.o
    0x0800437c   0x0800437c   0x00000005   Data   RO         3358    .rodata.name        cmd.o
    0x08004381   0x08004381   0x0000001a   Data   RO         3359    .rodata.name        cmd.o
    0x0800439b   0x0800439b   0x0000000b   Data   RO         3459    .rodata.name        msh.o
    0x080043a6   0x080043a6   0x00000016   Data   RO         3460    .rodata.name        msh.o
    0x080043bc   0x080043bc   0x00000009   Data   RO         3461    .rodata.name        msh.o
    0x080043c5   0x080043c5   0x0000001c   Data   RO         3462    .rodata.name        msh.o
    0x080043e1   0x080043e1   0x0000000b   Data   RO         3463    .rodata.name        msh.o
    0x080043ec   0x080043ec   0x00000025   Data   RO         3464    .rodata.name        msh.o
    0x08004411   0x08004411   0x00000003   PAD
    0x08004414   0x08004414   0x00000004   Data   RO         2364    .rti_fn.0           components.o
    0x08004418   0x08004418   0x00000004   Data   RO         2365    .rti_fn.0.end       components.o
    0x0800441c   0x0800441c   0x00000004   Data   RO         2257    .rti_fn.1           board.o
    0x08004420   0x08004420   0x00000004   Data   RO         2366    .rti_fn.1.end       components.o
    0x08004424   0x08004424   0x00000004   Data   RO         3530    .rti_fn.6           shell.o
    0x08004428   0x08004428   0x00000004   Data   RO         2367    .rti_fn.6.end       components.o
    0x0800442c   0x0800442c   0x0000003c   Data   RO           38    FSymTab             main.o
    0x08004468   0x08004468   0x0000000c   Data   RO         2864    FSymTab             mem.o
    0x08004474   0x08004474   0x00000090   Data   RO         3360    FSymTab             cmd.o
    0x08004504   0x08004504   0x00000024   Data   RO         3465    FSymTab             msh.o
    0x08004528   0x08004528   0x00000020   Data   RO         3645    Region$$Table       anon$$obj.o


    Execution Region RW_IRAM1 (Exec base: 0x20000000, Load base: 0x08004548, Size: 0x00002068, Max: 0x0000c000, ABSOLUTE)

    Exec Addr    Load Addr    Size         Type   Attr      Idx    E Section Name        Object

    0x20000000   0x08004548   0x0000000c   Data   RW          868    .data               stm32f1xx_hal.o
    0x2000000c   0x08004554   0x00000004   Data   RW         2215    .data               system_stm32f1xx.o
    0x20000010   0x08004558   0x00000004   Data   RW         2321    .data               clock.o
    0x20000014   0x0800455c   0x00000004   Data   RW         2443    .data               cpuport.o
    0x20000018   0x08004560   0x00000004   Data   RW         2444    .data               cpuport.o
    0x2000001c   0x08004564   0x00000004   Data   RW         2445    .data               cpuport.o
    0x20000020   0x08004568   0x00000004   Data   RW         2446    .data               cpuport.o
    0x20000024   0x0800456c   0x00000001   Data   RW         2654    .data               irq.o
    0x20000025   0x0800456d   0x00000003   PAD
    0x20000028   0x08004570   0x00000018   Data   RW         2861    .data               mem.o
    0x20000040   0x08004588   0x00000040   Data   RW         2954    .data               object.o
    0x20000080   0x080045c8   0x00000014   Data   RW         3037    .data               scheduler.o
    0x20000094   0x080045dc   0x0000000c   Data   RW         3241    .data               timer.o
    0x200000a0   0x080045e8   0x00000018   Data   RW         3529    .data               shell.o
    0x200000b8        -       0x00000098   Zero   RW           26    .bss                main.o
    0x20000150        -       0x00000278   Zero   RW          236    .bss                scs_thread.o
    0x200003c8        -       0x00001000   Zero   RW         2256    .bss                board.o
    0x200013c8        -       0x00000178   Zero   RW         2500    .bss                idle.o
    0x20001540        -       0x00000100   Zero   RW         2706    .bss                kservice.o
    0x20001640        -       0x00000020   Zero   RW         2860    .bss                mem.o
    0x20001660        -       0x00000100   Zero   RW         3036    .bss                scheduler.o
    0x20001760        -       0x00000101   Zero   RW         3528    .bss                shell.o
    0x20001861   0x08004600   0x00000007   PAD
    0x20001868        -       0x00000800   Zero   RW            1    STACK               startup_stm32f103xe.o


==============================================================================

Image component sizes


      Code (inc. data)   RO Data    RW Data    ZI Data      Debug   Object Name

       224         28          4          0       4096      29949   board.o
       106         12          0          4          0       1736   clock.o
      1738        656        635          0          0      14385   cmd.o
       182         28         16          0          0       5546   components.o
       244         28          0          0          0        740   context_rvds.o
      1340        718          0         16          0       5194   cpuport.o
        52          4          0          0          0       1000   finsh_port.o
       138         22          0          0        376       4866   idle.o
       316          0          0          0          0       6505   ipc.o
        56         12          0          1          0       1514   irq.o
      1438        160        290          0        256      10637   kservice.o
      1102        272        257          0        152     475387   main.o
       826        248         51         24         32       5043   mem.o
       780        162        154          0          0       7976   msh.o
       312          6          0         64          0       8116   object.o
       416         56          0         20        256       7794   scheduler.o
       104         24          0          0        632       1613   scs_thread.o
       928        134          4         24        257       9088   shell.o
        36          8        304          0       2048        804   startup_stm32f103xe.o
       112         20          0         12          0       5439   stm32f1xx_hal.o
       172         14          0          0          0      28290   stm32f1xx_hal_cortex.o
       514         42          0          0          0       2908   stm32f1xx_hal_gpio.o
       392         16          0          0          0       3103   stm32f1xx_hal_i2c.o
       268         34          0          0          0       2247   stm32f1xx_hal_msp.o
      1272        100          0          0          0       5204   stm32f1xx_hal_rcc.o
       560          6          0          0          0       3948   stm32f1xx_hal_uart.o
        12          0          0          0          0       2591   stm32f1xx_it.o
       106         22         24          4          0       1751   system_stm32f1xx.o
       788         44          0          0          0      11979   thread.o
       550         20          0         12          0      10472   timer.o

    ----------------------------------------------------------------------
     15124       2896       1774        184       8112     675825   Object Totals
         0          0         32          0          0          0   (incl. Generated)
        40          0          3          3          7          0   (incl. Padding)

    ----------------------------------------------------------------------

      Code (inc. data)   RO Data    RW Data    ZI Data      Debug   Library Member Name

         0          0          0          0          0          0   entry.o
         0          0          0          0          0          0   entry10a.o
         0          0          0          0          0          0   entry11a.o
         8          4          0          0          0          0   entry2.o
         4          0          0          0          0          0   entry5.o
         0          0          0          0          0          0   entry7b.o
         0          0          0          0          0          0   entry8b.o
         8          4          0          0          0          0   entry9a.o
        30          0          0          0          0          0   handlers.o
        36          8          0          0          0         68   init.o
         0          0          0          0          0          0   iusefp.o
        30          0          0          0          0         68   llshl.o
        32          0          0          0          0         68   llushr.o
        36          0          0          0          0         68   memcpya.o
        36          0          0          0          0        108   memseta.o
        24          0          0          0          0         68   strcat.o
        18          0          0          0          0         68   strcpy.o
        14          0          0          0          0         68   strlen.o
        30          0          0          0          0         80   strncmp.o
        24          0          0          0          0         76   strncpy.o
       222          0          0          0          0        100   ddiv.o
       186          0          0          0          0        176   depilogue.o
        50          0          0          0          0         76   dfixui.o
        46          0          0          0          0         80   dscalb.o

    ----------------------------------------------------------------------
       838         16          0          0          0       1172   Library Totals
         4          0          0          0          0          0   (incl. Padding)

    ----------------------------------------------------------------------

      Code (inc. data)   RO Data    RW Data    ZI Data      Debug   Library Name

       330         16          0          0          0        740   mc_w.l
       504          0          0          0          0        432   mf_w.l

    ----------------------------------------------------------------------
       838         16          0          0          0       1172   Library Totals

    ----------------------------------------------------------------------

==============================================================================


      Code (inc. data)   RO Data    RW Data    ZI Data      Debug   

     15962       2912       1774        184       8112     668309   Grand Totals
     15962       2912       1774        184       8112     668309   ELF Image Totals
     15962       2912       1774        184          0          0   ROM Totals

==============================================================================

    Total RO  Size (Code + RO Data)                17736 (  17.32kB)
    Total RW  Size (RW Data + ZI Data)              8296 (   8.10kB)
    Total ROM Size (Code + RO Data + RW Data)      17920 (  17.50kB)

==============================================================================

